Component: ARM Compiler 5.06 update 6 (build 750) Tool: armlink [4d35ed]

==============================================================================

Section Cross References

    main.o(i.EXTI0_IRQHandler) refers to stm32f4xx_exti.o(i.EXTI_GetITStatus) for EXTI_GetITStatus
    main.o(i.EXTI0_IRQHandler) refers to stm32f4xx_exti.o(i.EXTI_ClearITPendingBit) for EXTI_ClearITPendingBit
    main.o(i.USART1_IRQHandler) refers to stm32f4xx_usart.o(i.USART_GetITStatus) for USART_GetITStatus
    main.o(i.USART1_IRQHandler) refers to stm32f4xx_usart.o(i.USART_ReceiveData) for USART_ReceiveData
    main.o(i.USART1_IRQHandler) refers to stm32f4xx_usart.o(i.USART_SendData) for USART_SendData
    main.o(i.USART1_IRQHandler) refers to main.o(.data) for usar1_data
    main.o(i.USART1_IRQHandler) refers to se_taks.o(.bss) for usa1_RX_buf
    main.o(i.USART2_IRQHandler) refers to stm32f4xx_usart.o(i.USART_GetITStatus) for USART_GetITStatus
    main.o(i.USART2_IRQHandler) refers to stm32f4xx_usart.o(i.USART_ReceiveData) for USART_ReceiveData
    main.o(i.USART2_IRQHandler) refers to strlen.o(.text) for strlen
    main.o(i.USART2_IRQHandler) refers to stream_buffer.o(i.xStreamBufferSendFromISR) for xStreamBufferSendFromISR
    main.o(i.USART2_IRQHandler) refers to stm32f4xx_usart.o(i.USART_SendData) for USART_SendData
    main.o(i.USART2_IRQHandler) refers to main.o(.data) for usar2_data
    main.o(i.USART2_IRQHandler) refers to se_taks.o(.bss) for usa2_RX_buf
    main.o(i.USART2_IRQHandler) refers to se_taks.o(.data) for xRx2MessageBuffer
    main.o(i.main) refers to system_stm32f4xx.o(i.SystemInit) for SystemInit
    main.o(i.main) refers to inits.o(i.inits) for inits
    main.o(i.main) refers to queue.o(i.xQueueGenericCreate) for xQueueGenericCreate
    main.o(i.main) refers to timers.o(i.xTimerCreate) for xTimerCreate
    main.o(i.main) refers to stream_buffer.o(i.xStreamBufferGenericCreate) for xStreamBufferGenericCreate
    main.o(i.main) refers to tasks.o(i.xTaskCreate) for xTaskCreate
    main.o(i.main) refers to tasks.o(i.xTaskGetTickCount) for xTaskGetTickCount
    main.o(i.main) refers to timers.o(i.xTimerGenericCommand) for xTimerGenericCommand
    main.o(i.main) refers to tasks.o(i.vTaskStartScheduler) for vTaskStartScheduler
    main.o(i.main) refers to se_taks.o(.data) for xUsart2TxQueue
    main.o(i.main) refers to se_taks.o(i.Timer1_CallBack) for Timer1_CallBack
    main.o(i.main) refers to se_taks.o(i.vPeriodiktoggle12) for vPeriodiktoggle12
    main.o(i.main) refers to se_taks.o(i.vPeriodiktoggle15) for vPeriodiktoggle15
    main.o(i.main) refers to se_taks.o(i.MessageToQueue) for MessageToQueue
    main.o(i.main) refers to se_taks.o(i.process_MessageQueue) for process_MessageQueue
    main.o(i.main) refers to se_taks.o(i.vSe_Que_Receive) for vSe_Que_Receive
    inits.o(i.USART_Puts) refers to stm32f4xx_usart.o(i.USART_SendData) for USART_SendData
    inits.o(i.clock_config) refers to system_stm32f4xx.o(i.SystemCoreClockUpdate) for SystemCoreClockUpdate
    inits.o(i.clock_config) refers to inits.o(i.__NVIC_SetPriority) for __NVIC_SetPriority
    inits.o(i.clock_config) refers to system_stm32f4xx.o(.data) for SystemCoreClock
    inits.o(i.init_Usart1) refers to stm32f4xx_rcc.o(i.RCC_APB2PeriphClockCmd) for RCC_APB2PeriphClockCmd
    inits.o(i.init_Usart1) refers to stm32f4xx_rcc.o(i.RCC_AHB1PeriphClockCmd) for RCC_AHB1PeriphClockCmd
    inits.o(i.init_Usart1) refers to stm32f4xx_gpio.o(i.GPIO_Init) for GPIO_Init
    inits.o(i.init_Usart1) refers to stm32f4xx_gpio.o(i.GPIO_PinAFConfig) for GPIO_PinAFConfig
    inits.o(i.init_Usart1) refers to stm32f4xx_usart.o(i.USART_Init) for USART_Init
    inits.o(i.init_Usart1) refers to stm32f4xx_usart.o(i.USART_Cmd) for USART_Cmd
    inits.o(i.init_Usart1) refers to stm32f4xx_usart.o(i.USART_ITConfig) for USART_ITConfig
    inits.o(i.init_Usart1) refers to misc.o(i.NVIC_Init) for NVIC_Init
    inits.o(i.init_Usart1) refers to inits.o(i.__NVIC_SetPriority) for __NVIC_SetPriority
    inits.o(i.init_Usart2) refers to stm32f4xx_rcc.o(i.RCC_APB1PeriphClockCmd) for RCC_APB1PeriphClockCmd
    inits.o(i.init_Usart2) refers to stm32f4xx_rcc.o(i.RCC_AHB1PeriphClockCmd) for RCC_AHB1PeriphClockCmd
    inits.o(i.init_Usart2) refers to stm32f4xx_gpio.o(i.GPIO_Init) for GPIO_Init
    inits.o(i.init_Usart2) refers to stm32f4xx_gpio.o(i.GPIO_PinAFConfig) for GPIO_PinAFConfig
    inits.o(i.init_Usart2) refers to stm32f4xx_usart.o(i.USART_Init) for USART_Init
    inits.o(i.init_Usart2) refers to stm32f4xx_usart.o(i.USART_Cmd) for USART_Cmd
    inits.o(i.init_Usart2) refers to stm32f4xx_usart.o(i.USART_ITConfig) for USART_ITConfig
    inits.o(i.init_Usart2) refers to misc.o(i.NVIC_Init) for NVIC_Init
    inits.o(i.init_Usart2) refers to inits.o(i.__NVIC_SetPriority) for __NVIC_SetPriority
    inits.o(i.init_gpioa) refers to stm32f4xx_rcc.o(i.RCC_APB2PeriphClockCmd) for RCC_APB2PeriphClockCmd
[...]
    .ARM.Collect$$libinit$$00000013          0x08000202   Section        0  libinit2.o(.ARM.Collect$$libinit$$00000013)
    .ARM.Collect$$libinit$$00000015          0x08000202   Section        0  libinit2.o(.ARM.Collect$$libinit$$00000015)
    .ARM.Collect$$libinit$$00000017          0x08000202   Section        0  libinit2.o(.ARM.Collect$$libinit$$00000017)
    .ARM.Collect$$libinit$$00000019          0x08000202   Section        0  libinit2.o(.ARM.Collect$$libinit$$00000019)
    .ARM.Collect$$libinit$$0000001B          0x08000202   Section        0  libinit2.o(.ARM.Collect$$libinit$$0000001B)
    .ARM.Collect$$libinit$$0000001D          0x08000202   Section        0  libinit2.o(.ARM.Collect$$libinit$$0000001D)
    .ARM.Collect$$libinit$$0000001F          0x08000202   Section        0  libinit2.o(.ARM.Collect$$libinit$$0000001F)
    .ARM.Collect$$libinit$$00000021          0x08000202   Section        0  libinit2.o(.ARM.Collect$$libinit$$00000021)
    .ARM.Collect$$libinit$$00000023          0x08000202   Section        0  libinit2.o(.ARM.Collect$$libinit$$00000023)
    .ARM.Collect$$libinit$$00000025          0x08000202   Section        0  libinit2.o(.ARM.Collect$$libinit$$00000025)
    .ARM.Collect$$libinit$$0000002C          0x08000202   Section        0  libinit2.o(.ARM.Collect$$libinit$$0000002C)
    .ARM.Collect$$libinit$$0000002E          0x08000202   Section        0  libinit2.o(.ARM.Collect$$libinit$$0000002E)
    .ARM.Collect$$libinit$$00000030          0x08000202   Section        0  libinit2.o(.ARM.Collect$$libinit$$00000030)
    .ARM.Collect$$libinit$$00000032          0x08000202   Section        0  libinit2.o(.ARM.Collect$$libinit$$00000032)
    .ARM.Collect$$libinit$$00000033          0x08000202   Section        2  libinit2.o(.ARM.Collect$$libinit$$00000033)
    .ARM.Collect$$libshutdown$$00000000      0x08000204   Section        2  libshutdown.o(.ARM.Collect$$libshutdown$$00000000)
    .ARM.Collect$$libshutdown$$00000002      0x08000206   Section        0  libshutdown2.o(.ARM.Collect$$libshutdown$$00000002)
    .ARM.Collect$$libshutdown$$00000004      0x08000206   Section        0  libshutdown2.o(.ARM.Collect$$libshutdown$$00000004)
    .ARM.Collect$$libshutdown$$00000007      0x08000206   Section        0  libshutdown2.o(.ARM.Collect$$libshutdown$$00000007)
    .ARM.Collect$$libshutdown$$0000000A      0x08000206   Section        0  libshutdown2.o(.ARM.Collect$$libshutdown$$0000000A)
    .ARM.Collect$$libshutdown$$0000000C      0x08000206   Section        0  libshutdown2.o(.ARM.Collect$$libshutdown$$0000000C)
    .ARM.Collect$$libshutdown$$0000000F      0x08000206   Section        0  libshutdown2.o(.ARM.Collect$$libshutdown$$0000000F)
    .ARM.Collect$$libshutdown$$00000010      0x08000206   Section        2  libshutdown2.o(.ARM.Collect$$libshutdown$$00000010)
    .ARM.Collect$$rtentry$$00000000          0x08000208   Section        0  __rtentry.o(.ARM.Collect$$rtentry$$00000000)
    .ARM.Collect$$rtentry$$00000002          0x08000208   Section        0  __rtentry2.o(.ARM.Collect$$rtentry$$00000002)
    .ARM.Collect$$rtentry$$00000004          0x08000208   Section        6  __rtentry4.o(.ARM.Collect$$rtentry$$00000004)
    .ARM.Collect$$rtentry$$00000009          0x0800020e   Section        0  __rtentry2.o(.ARM.Collect$$rtentry$$00000009)
    .ARM.Collect$$rtentry$$0000000A          0x0800020e   Section        4  __rtentry2.o(.ARM.Collect$$rtentry$$0000000A)
    .ARM.Collect$$rtentry$$0000000C          0x08000212   Section        0  __rtentry2.o(.ARM.Collect$$rtentry$$0000000C)
    .ARM.Collect$$rtentry$$0000000D          0x08000212   Section        8  __rtentry2.o(.ARM.Collect$$rtentry$$0000000D)
    .ARM.Collect$$rtexit$$00000000           0x0800021a   Section        2  rtexit.o(.ARM.Collect$$rtexit$$00000000)
    .ARM.Collect$$rtexit$$00000002           0x0800021c   Section        0  rtexit2.o(.ARM.Collect$$rtexit$$00000002)
    .ARM.Collect$$rtexit$$00000003           0x0800021c   Section        4  rtexit2.o(.ARM.Collect$$rtexit$$00000003)
    .ARM.Collect$$rtexit$$00000004           0x08000220   Section        6  rtexit2.o(.ARM.Collect$$rtexit$$00000004)
    .emb_text                                0x08000228   Section      190  port.o(.emb_text)
    $v0                                      0x08000228   Number         0  port.o(.emb_text)
    .text                                    0x080002e8   Section       64  startup_stm32f40_41xxx.o(.text)
    $v0                                      0x080002e8   Number         0  startup_stm32f40_41xxx.o(.text)
    .text                                    0x08000328   Section        0  strcpy.o(.text)
    .text                                    0x08000370   Section        0  strlen.o(.text)
    .text                                    0x080003ae   Section        0  strncmp.o(.text)
    .text                                    0x08000444   Section      138  rt_memcpy_v6.o(.text)
    .text                                    0x080004ce   Section      100  rt_memcpy_w.o(.text)
    .text                                    0x08000532   Section       22  memset.o(.text)
    .text                                    0x08000548   Section       16  aeabi_memset.o(.text)
    .text                                    0x08000558   Section       78  rt_memclr_w.o(.text)
    .text                                    0x080005a6   Section        0  heapauxi.o(.text)
    .text                                    0x080005ac   Section       68  rt_memclr.o(.text)
    .text                                    0x080005f0   Section       74  sys_stackheap_outer.o(.text)
    .text                                    0x0800063a   Section        0  exit.o(.text)
    .text                                    0x0800064c   Section        8  libspace.o(.text)
    .text                                    0x08000654   Section        0  sys_exit.o(.text)
    .text                                    0x08000660   Section        2  use_no_semi.o(.text)
    .text                                    0x08000662   Section        0  indicate_semi.o(.text)
    i.EXTI0_IRQHandler                       0x08000662   Section        0  main.o(i.EXTI0_IRQHandler)
    i.EXTI_ClearITPendingBit                 0x08000678   Section        0  stm32f4xx_exti.o(i.EXTI_ClearITPendingBit)
    i.EXTI_GetITStatus                       0x08000684   Section        0  stm32f4xx_exti.o(i.EXTI_GetITStatus)
    i.EXTI_Init                              0x0800069c   Section        0  stm32f4xx_exti.o(i.EXTI_Init)
    i.GPIO_Init                              0x08000730   Section        0  stm32f4xx_gpio.o(i.GPIO_Init)
    i.GPIO_PinAFConfig                       0x080007c0   Section        0  stm32f4xx_gpio.o(i.GPIO_PinAFConfig)
    i.HardFault_Handler                      0x08000806   Section        0  se_taks.o(i.HardFault_Handler)
    i.MessageToQueue                         0x0800080c   Section        0  se_taks.o(i.MessageToQueue)
    i.NVIC_Init                              0x08000874   Section        0  misc.o(i.NVIC_Init)
    i.RCC_AHB1PeriphClockCmd                 0x080008ec   Section        0  stm32f4xx_rcc.o(i.RCC_AHB1PeriphClockCmd)
    i.RCC_APB1PeriphClockCmd                 0x0800090c   Section        0  stm32f4xx_rcc.o(i.RCC_APB1PeriphClockCmd)
    i.RCC_APB2PeriphClockCmd                 0x0800092c   Section        0  stm32f4xx_rcc.o(i.RCC_APB2PeriphClockCmd)
    i.RCC_GetClocksFreq                      0x0800094c   Section        0  stm32f4xx_rcc.o(i.RCC_GetClocksFreq)
    i.SYSCFG_EXTILineConfig                  0x08000a34   Section        0  stm32f4xx_syscfg.o(i.SYSCFG_EXTILineConfig)
    i.SetSysClock                            0x08000a74   Section        0  system_stm32f4xx.o(i.SetSysClock)
    SetSysClock                              0x08000a75   Thumb Code   220  system_stm32f4xx.o(i.SetSysClock)
    i.SysTick_Handler                        0x08000b60   Section        0  port.o(i.SysTick_Handler)
    i.SystemCoreClockUpdate                  0x08000b94   Section        0  system_stm32f4xx.o(i.SystemCoreClockUpdate)
    i.SystemInit                             0x08000c54   Section        0  system_stm32f4xx.o(i.SystemInit)
    i.Timer1_CallBack                        0x08000cbc   Section        0  se_taks.o(i.Timer1_CallBack)
    i.USART1_IRQHandler                      0x08000d20   Section        0  main.o(i.USART1_IRQHandler)
    i.USART2_IRQHandler                      0x08000d98   Section        0  main.o(i.USART2_IRQHandler)
    i.USART_Cmd                              0x08000e60   Section        0  stm32f4xx_usart.o(i.USART_Cmd)
    i.USART_GetITStatus                      0x08000e78   Section        0  stm32f4xx_usart.o(i.USART_GetITStatus)
    i.USART_ITConfig                         0x08000ecc   Section        0  stm32f4xx_usart.o(i.USART_ITConfig)
    i.USART_Init                             0x08000f18   Section        0  stm32f4xx_usart.o(i.USART_Init)
    i.USART_ReceiveData                      0x08000fec   Section        0  stm32f4xx_usart.o(i.USART_ReceiveData)
    i.USART_SendData                         0x08000ff6   Section        0  stm32f4xx_usart.o(i.USART_SendData)
    i.__NVIC_SetPriority                     0x08001000   Section        0  inits.o(i.__NVIC_SetPriority)
    __NVIC_SetPriority                       0x08001001   Thumb Code    32  inits.o(i.__NVIC_SetPriority)
    i.clock_config                           0x08001028   Section        0  inits.o(i.clock_config)
    i.fnc_sendUSART                          0x08001074   Section        0  se_taks.o(i.fnc_sendUSART)
    i.init_Usart1                            0x0800109c   Section        0  inits.o(i.init_Usart1)
    i.init_Usart2                            0x08001154   Section        0  inits.o(i.init_Usart2)
    i.init_gpioa                             0x08001214   Section        0  inits.o(i.init_gpioa)
    i.init_rcc                               0x080012b0   Section        0  inits.o(i.init_rcc)
    i.inits                                  0x080012dc   Section        0  inits.o(i.inits)
    i.led12_toggle                           0x080012f4   Section        0  leds.o(i.led12_toggle)
    i.led15_toggle                           0x08001308   Section        0  leds.o(i.led15_toggle)
    i.main                                   0x0800131c   Section        0  main.o(i.main)
    i.process_MessageQueue                   0x08001498   Section        0  se_taks.o(i.process_MessageQueue)
    i.prvAddCurrentTaskToDelayedList         0x08001584   Section        0  tasks.o(i.prvAddCurrentTaskToDelayedList)
    prvAddCurrentTaskToDelayedList           0x08001585   Thumb Code   124  tasks.o(i.prvAddCurrentTaskToDelayedList)
    i.prvAddNewTaskToReadyList               0x0800161c   Section        0  tasks.o(i.prvAddNewTaskToReadyList)
    prvAddNewTaskToReadyList                 0x0800161d   Thumb Code   156  tasks.o(i.prvAddNewTaskToReadyList)
    i.prvBytesInBuffer                       0x080016d4   Section        0  stream_buffer.o(i.prvBytesInBuffer)
    prvBytesInBuffer                         0x080016d5   Thumb Code    24  stream_buffer.o(i.prvBytesInBuffer)
    i.prvCheckForValidListAndQueue           0x080016ec   Section        0  timers.o(i.prvCheckForValidListAndQueue)
    prvCheckForValidListAndQueue             0x080016ed   Thumb Code    72  timers.o(i.prvCheckForValidListAndQueue)
    i.prvCheckTasksWaitingTermination        0x08001750   Section        0  tasks.o(i.prvCheckTasksWaitingTermination)
    prvCheckTasksWaitingTermination          0x08001751   Thumb Code    60  tasks.o(i.prvCheckTasksWaitingTermination)
    i.prvCopyDataFromQueue                   0x08001798   Section        0  queue.o(i.prvCopyDataFromQueue)
    prvCopyDataFromQueue                     0x08001799   Thumb Code    42  queue.o(i.prvCopyDataFromQueue)
    i.prvCopyDataToQueue                     0x080017c2   Section        0  queue.o(i.prvCopyDataToQueue)
    prvCopyDataToQueue                       0x080017c3   Thumb Code   126  queue.o(i.prvCopyDataToQueue)
    i.prvDeleteTCB                           0x08001840   Section        0  tasks.o(i.prvDeleteTCB)
    prvDeleteTCB                             0x08001841   Thumb Code    18  tasks.o(i.prvDeleteTCB)
    i.prvGetNextExpireTime                   0x08001854   Section        0  timers.o(i.prvGetNextExpireTime)
    prvGetNextExpireTime                     0x08001855   Thumb Code    36  timers.o(i.prvGetNextExpireTime)
    i.prvHeapInit                            0x0800187c   Section        0  heap_4.o(i.prvHeapInit)
    prvHeapInit                              0x0800187d   Thumb Code    98  heap_4.o(i.prvHeapInit)
    i.prvIdleTask                            0x080018f8   Section        0  tasks.o(i.prvIdleTask)
    prvIdleTask                              0x080018f9   Thumb Code    32  tasks.o(i.prvIdleTask)
    i.prvInitialiseNewQueue                  0x08001920   Section        0  queue.o(i.prvInitialiseNewQueue)
    prvInitialiseNewQueue                    0x08001921   Thumb Code    42  queue.o(i.prvInitialiseNewQueue)
    i.prvInitialiseNewStreamBuffer           0x0800194a   Section        0  stream_buffer.o(i.prvInitialiseNewStreamBuffer)
    prvInitialiseNewStreamBuffer             0x0800194b   Thumb Code    88  stream_buffer.o(i.prvInitialiseNewStreamBuffer)
    i.prvInitialiseNewTask                   0x080019a2   Section        0  tasks.o(i.prvInitialiseNewTask)
    prvInitialiseNewTask                     0x080019a3   Thumb Code   192  tasks.o(i.prvInitialiseNewTask)
    i.prvInitialiseNewTimer                  0x08001a62   Section        0  timers.o(i.prvInitialiseNewTimer)
    prvInitialiseNewTimer                    0x08001a63   Thumb Code    92  timers.o(i.prvInitialiseNewTimer)
    i.prvInitialiseTaskLists                 0x08001ac0   Section        0  tasks.o(i.prvInitialiseTaskLists)
    prvInitialiseTaskLists                   0x08001ac1   Thumb Code    70  tasks.o(i.prvInitialiseTaskLists)
    i.prvInsertBlockIntoFreeList             0x08001b28   Section        0  heap_4.o(i.prvInsertBlockIntoFreeList)
    prvInsertBlockIntoFreeList               0x08001b29   Thumb Code    96  heap_4.o(i.prvInsertBlockIntoFreeList)
    i.prvInsertTimerInActiveList             0x08001b90   Section        0  timers.o(i.prvInsertTimerInActiveList)
    prvInsertTimerInActiveList               0x08001b91   Thumb Code    80  timers.o(i.prvInsertTimerInActiveList)
    i.prvIsQueueEmpty                        0x08001be8   Section        0  queue.o(i.prvIsQueueEmpty)
    prvIsQueueEmpty                          0x08001be9   Thumb Code    26  queue.o(i.prvIsQueueEmpty)
    i.prvIsQueueFull                         0x08001c02   Section        0  queue.o(i.prvIsQueueFull)
    prvIsQueueFull                           0x08001c03   Thumb Code    30  queue.o(i.prvIsQueueFull)
    i.prvProcessExpiredTimer                 0x08001c20   Section        0  timers.o(i.prvProcessExpiredTimer)
    prvProcessExpiredTimer                   0x08001c21   Thumb Code   112  timers.o(i.prvProcessExpiredTimer)
    i.prvProcessReceivedCommands             0x08001c94   Section        0  timers.o(i.prvProcessReceivedCommands)
    prvProcessReceivedCommands               0x08001c95   Thumb Code   312  timers.o(i.prvProcessReceivedCommands)
    i.prvProcessTimerOrBlockTask             0x08001dd0   Section        0  timers.o(i.prvProcessTimerOrBlockTask)
    prvProcessTimerOrBlockTask               0x08001dd1   Thumb Code   102  timers.o(i.prvProcessTimerOrBlockTask)
    i.prvReadBytesFromBuffer                 0x08001e44   Section        0  stream_buffer.o(i.prvReadBytesFromBuffer)
    prvReadBytesFromBuffer                   0x08001e45   Thumb Code   208  stream_buffer.o(i.prvReadBytesFromBuffer)
    i.prvReadMessageFromBuffer               0x08001f14   Section        0  stream_buffer.o(i.prvReadMessageFromBuffer)
    prvReadMessageFromBuffer                 0x08001f15   Thumb Code    72  stream_buffer.o(i.prvReadMessageFromBuffer)
    i.prvResetNextTaskUnblockTime            0x08001f5c   Section        0  tasks.o(i.prvResetNextTaskUnblockTime)
    prvResetNextTaskUnblockTime              0x08001f5d   Thumb Code    40  tasks.o(i.prvResetNextTaskUnblockTime)
    i.prvSampleTimeNow                       0x08001f8c   Section        0  timers.o(i.prvSampleTimeNow)
    prvSampleTimeNow                         0x08001f8d   Thumb Code    40  timers.o(i.prvSampleTimeNow)
    i.prvSwitchTimerLists                    0x08001fb8   Section        0  timers.o(i.prvSwitchTimerLists)
    prvSwitchTimerLists                      0x08001fb9   Thumb Code   156  timers.o(i.prvSwitchTimerLists)
    i.prvTaskExitError                       0x0800205c   Section        0  port.o(i.prvTaskExitError)
    prvTaskExitError                         0x0800205d   Thumb Code    62  port.o(i.prvTaskExitError)
    i.prvTimerTask                           0x080020a0   Section        0  timers.o(i.prvTimerTask)
    prvTimerTask                             0x080020a1   Thumb Code    26  timers.o(i.prvTimerTask)
    i.prvUnlockQueue                         0x080020ba   Section        0  queue.o(i.prvUnlockQueue)
    prvUnlockQueue                           0x080020bb   Thumb Code   126  queue.o(i.prvUnlockQueue)
    i.prvWriteBytesToBuffer                  0x08002138   Section        0  stream_buffer.o(i.prvWriteBytesToBuffer)
    prvWriteBytesToBuffer                    0x08002139   Thumb Code   192  stream_buffer.o(i.prvWriteBytesToBuffer)
    i.prvWriteMessageToBuffer                0x080021f8   Section        0  stream_buffer.o(i.prvWriteMessageToBuffer)
    prvWriteMessageToBuffer                  0x080021f9   Thumb Code    92  stream_buffer.o(i.prvWriteMessageToBuffer)
    i.put_tickstamp                          0x08002254   Section        0  se_taks.o(i.put_tickstamp)
    i.pvPortMalloc                           0x080022f4   Section        0  heap_4.o(i.pvPortMalloc)
    i.pxPortInitialiseStack                  0x08002450   Section        0  port.o(i.pxPortInitialiseStack)
    i.uxListRemove                           0x0800247c   Section        0  list.o(i.uxListRemove)
    i.uxQueueMessagesWaiting                 0x080024a4   Section        0  queue.o(i.uxQueueMessagesWaiting)
    i.vApplicationMallocFailedHook           0x080024d0   Section        0  se_taks.o(i.vApplicationMallocFailedHook)
    i.vListInitialise                        0x080024d2   Section        0  list.o(i.vListInitialise)
    i.vListInitialiseItem                    0x080024ec   Section        0  list.o(i.vListInitialiseItem)
    i.vListInsert                            0x080024f2   Section        0  list.o(i.vListInsert)
    i.vListInsertEnd                         0x08002526   Section        0  list.o(i.vListInsertEnd)
    i.vPeriodiktoggle12                      0x08002540   Section        0  se_taks.o(i.vPeriodiktoggle12)
    i.vPeriodiktoggle15                      0x080025dc   Section        0  se_taks.o(i.vPeriodiktoggle15)
    i.vPortEnterCritical                     0x08002678   Section        0  port.o(i.vPortEnterCritical)
    i.vPortExitCritical                      0x080026d0   Section        0  port.o(i.vPortExitCritical)
    i.vPortFree                              0x08002710   Section        0  heap_4.o(i.vPortFree)
    i.vPortSetupTimerInterrupt               0x080027b8   Section        0  port.o(i.vPortSetupTimerInterrupt)
    i.vPortValidateInterruptPriority         0x080027e0   Section        0  port.o(i.vPortValidateInterruptPriority)
    i.vQueueAddToRegistry                    0x0800285c   Section        0  queue.o(i.vQueueAddToRegistry)
    i.vQueueWaitForMessageRestricted         0x08002888   Section        0  queue.o(i.vQueueWaitForMessageRestricted)
    i.vSe_Que_Receive                        0x080028d4   Section        0  se_taks.o(i.vSe_Que_Receive)
    i.vTaskInternalSetTimeOutState           0x0800296c   Section        0  tasks.o(i.vTaskInternalSetTimeOutState)
    i.vTaskMissedYield                       0x08002984   Section        0  tasks.o(i.vTaskMissedYield)
    i.vTaskPlaceOnEventList                  0x08002990   Section        0  tasks.o(i.vTaskPlaceOnEventList)
    i.vTaskPlaceOnEventListRestricted        0x080029cc   Section        0  tasks.o(i.vTaskPlaceOnEventListRestricted)
    i.vTaskStartScheduler                    0x08002a10   Section        0  tasks.o(i.vTaskStartScheduler)
    i.vTaskSuspendAll                        0x08002aac   Section        0  tasks.o(i.vTaskSuspendAll)
    i.vTaskSwitchContext                     0x08002abc   Section        0  tasks.o(i.vTaskSwitchContext)
    i.xPortStartScheduler                    0x08002b48   Section        0  port.o(i.xPortStartScheduler)
    i.xQueueGenericCreate                    0x08002cb8   Section        0  queue.o(i.xQueueGenericCreate)
    i.xQueueGenericReset                     0x08002d38   Section        0  queue.o(i.xQueueGenericReset)
    i.xQueueGenericSend                      0x08002dd0   Section        0  queue.o(i.xQueueGenericSend)
    i.xQueueGenericSendFromISR               0x08002f80   Section        0  queue.o(i.xQueueGenericSendFromISR)
    i.xQueueReceive                          0x080030a8   Section        0  queue.o(i.xQueueReceive)
    i.xStreamBufferGenericCreate             0x08003218   Section        0  stream_buffer.o(i.xStreamBufferGenericCreate)
    i.xStreamBufferReceive                   0x080032be   Section        0  stream_buffer.o(i.xStreamBufferReceive)
    i.xStreamBufferSendFromISR               0x080033c8   Section        0  stream_buffer.o(i.xStreamBufferSendFromISR)
    i.xStreamBufferSpacesAvailable           0x08003486   Section        0  stream_buffer.o(i.xStreamBufferSpacesAvailable)
    i.xTaskCheckForTimeOut                   0x080034c0   Section        0  tasks.o(i.xTaskCheckForTimeOut)
    i.xTaskCreate                            0x08003554   Section        0  tasks.o(i.xTaskCreate)
    i.xTaskDelayUntil                        0x080035b4   Section        0  tasks.o(i.xTaskDelayUntil)
    i.xTaskGenericNotify                     0x08003690   Section        0  tasks.o(i.xTaskGenericNotify)
    i.xTaskGenericNotifyFromISR              0x08003818   Section        0  tasks.o(i.xTaskGenericNotifyFromISR)
    i.xTaskGenericNotifyStateClear           0x080039d8   Section        0  tasks.o(i.xTaskGenericNotifyStateClear)
    i.xTaskGenericNotifyWait                 0x08003a38   Section        0  tasks.o(i.xTaskGenericNotifyWait)
    i.xTaskGetCurrentTaskHandle              0x08003b08   Section        0  tasks.o(i.xTaskGetCurrentTaskHandle)
    i.xTaskGetSchedulerState                 0x08003b14   Section        0  tasks.o(i.xTaskGetSchedulerState)
    i.xTaskGetTickCount                      0x08003b34   Section        0  tasks.o(i.xTaskGetTickCount)
    i.xTaskIncrementTick                     0x08003b40   Section        0  tasks.o(i.xTaskIncrementTick)
    i.xTaskPriorityDisinherit                0x08003c88   Section        0  tasks.o(i.xTaskPriorityDisinherit)
    i.xTaskRemoveFromEventList               0x08003d48   Section        0  tasks.o(i.xTaskRemoveFromEventList)
    i.xTaskResumeAll                         0x08003de4   Section        0  tasks.o(i.xTaskResumeAll)
    i.xTimerCreate                           0x08003eec   Section        0  timers.o(i.xTimerCreate)
    i.xTimerCreateTimerTask                  0x08003f24   Section        0  timers.o(i.xTimerCreateTimerTask)
    i.xTimerGenericCommand                   0x08003f7c   Section        0  timers.o(i.xTimerGenericCommand)
    i.xTimerGetPeriod                        0x08004000   Section        0  timers.o(i.xTimerGetPeriod)
    x$fpl$fpinit                             0x08004022   Section       10  fpinit.o(x$fpl$fpinit)
    $v0                                      0x08004022   Number         0  fpinit.o(x$fpl$fpinit)
    .data                                    0x20000000   Section        8  main.o(.data)
    .data                                    0x20000008   Section       76  se_taks.o(.data)
    cnt                                      0x20000050   Data           4  se_taks.o(.data)
    .data                                    0x20000054   Section       64  tasks.o(.data)
    pxDelayedTaskList                        0x20000058   Data           4  tasks.o(.data)
    pxOverflowDelayedTaskList                0x2000005c   Data           4  tasks.o(.data)
    uxDeletedTasksWaitingCleanUp             0x20000060   Data           4  tasks.o(.data)
    uxCurrentNumberOfTasks                   0x20000064   Data           4  tasks.o(.data)
    xTickCount                               0x20000068   Data           4  tasks.o(.data)
    uxTopReadyPriority                       0x2000006c   Data           4  tasks.o(.data)
    xSchedulerRunning                        0x20000070   Data           4  tasks.o(.data)
    xPendedTicks                             0x20000074   Data           4  tasks.o(.data)
    xYieldPending                            0x20000078   Data           4  tasks.o(.data)
    xNumOfOverflows                          0x2000007c   Data           4  tasks.o(.data)
    uxTaskNumber                             0x20000080   Data           4  tasks.o(.data)
    xNextTaskUnblockTime                     0x20000084   Data           4  tasks.o(.data)
    xIdleTaskHandle                          0x20000088   Data           4  tasks.o(.data)
    uxSchedulerSuspended                     0x20000090   Data           4  tasks.o(.data)
    .data                                    0x20000094   Section       20  timers.o(.data)
    pxCurrentTimerList                       0x20000094   Data           4  timers.o(.data)
    pxOverflowTimerList                      0x20000098   Data           4  timers.o(.data)
    xTimerQueue                              0x2000009c   Data           4  timers.o(.data)
    xTimerTaskHandle                         0x200000a0   Data           4  timers.o(.data)
    xLastTime                                0x200000a4   Data           4  timers.o(.data)
    .data                                    0x200000a8   Section       12  port.o(.data)
    uxCriticalNesting                        0x200000a8   Data           4  port.o(.data)
    ucMaxSysCallPriority                     0x200000ac   Data           1  port.o(.data)
    ulMaxPRIGROUPValue                       0x200000b0   Data           4  port.o(.data)
    .data                                    0x200000b4   Section       32  heap_4.o(.data)
    xStart                                   0x200000b4   Data           8  heap_4.o(.data)
    pxEnd                                    0x200000bc   Data           4  heap_4.o(.data)
    xFreeBytesRemaining                      0x200000c0   Data           4  heap_4.o(.data)
    xMinimumEverFreeBytesRemaining           0x200000c4   Data           4  heap_4.o(.data)
    xNumberOfSuccessfulAllocations           0x200000c8   Data           4  heap_4.o(.data)
    xNumberOfSuccessfulFrees                 0x200000cc   Data           4  heap_4.o(.data)
    xBlockAllocatedBit                       0x200000d0   Data           4  heap_4.o(.data)
    .data                                    0x200000d4   Section       16  stm32f4xx_rcc.o(.data)
    APBAHBPrescTable                         0x200000d4   Data          16  stm32f4xx_rcc.o(.data)
    .data                                    0x200000e4   Section       20  system_stm32f4xx.o(.data)
    .bss                                     0x200000f8   Section      205  se_taks.o(.bss)
    .bss                                     0x200001c8   Section       64  queue.o(.bss)
    .bss                                     0x20000208   Section      200  tasks.o(.bss)
    pxReadyTasksLists                        0x20000208   Data         100  tasks.o(.bss)
    xDelayedTaskList1                        0x2000026c   Data          20  tasks.o(.bss)
    xDelayedTaskList2                        0x20000280   Data          20  tasks.o(.bss)
    xPendingReadyList                        0x20000294   Data          20  tasks.o(.bss)
    xTasksWaitingTermination                 0x200002a8   Data          20  tasks.o(.bss)
    xSuspendedTaskList                       0x200002bc   Data          20  tasks.o(.bss)
    .bss                                     0x200002d0   Section       40  timers.o(.bss)
    xActiveTimerList1                        0x200002d0   Data          20  timers.o(.bss)
    xActiveTimerList2                        0x200002e4   Data          20  timers.o(.bss)
    .bss                                     0x200002f8   Section    40960  heap_4.o(.bss)
    ucHeap                                   0x200002f8   Data       40960  heap_4.o(.bss)
    .bss                                     0x2000a2f8   Section       96  libspace.o(.bss)
    HEAP                                     0x2000a358   Section      512  startup_stm32f40_41xxx.o(HEAP)
    Heap_Mem                                 0x2000a358   Data         512  startup_stm32f40_41xxx.o(HEAP)
    STACK                                    0x2000a558   Section     1024  startup_stm32f40_41xxx.o(STACK)
    Stack_Mem                                0x2000a558   Data        1024  startup_stm32f40_41xxx.o(STACK)
    __initial_sp                             0x2000a958   Data           0  startup_stm32f40_41xxx.o(STACK)

    Global Symbols

    Symbol Name                              Value     Ov Type        Size  Object(Section)

    BuildAttributes$$THM_ISAv4$E$P$D$K$B$S$7EM$VFPi3$EXTD16$VFPS$VFMA$PE$A:L22UL41UL21$X:L11$S22US41US21$IEEE1$IW$USESV6$~STKCKD$USESV7$~SHL$OSPACE$ROPI$EBA8$UX$STANDARDLIB$REQ8$PRES8$EABIv2 0x00000000   Number         0  anon$$obj.o ABSOLUTE
    __ARM_use_no_argv                        0x00000000   Number         0  main.o ABSOLUTE
    __ARM_exceptions_init                     - Undefined Weak Reference
    __alloca_initialize                       - Undefined Weak Reference
    __arm_preinit_                            - Undefined Weak Reference
    __cpp_initialize__aeabi_                  - Undefined Weak Reference
    __cxa_finalize                            - Undefined Weak Reference
    __rt_locale                               - Undefined Weak Reference
    __sigvec_lookup                           - Undefined Weak Reference
    _atexit_init                              - Undefined Weak Reference
    _call_atexit_fns                          - Undefined Weak Reference
    _clock_init                               - Undefined Weak Reference
    _fp_trap_init                             - Undefined Weak Reference
    _fp_trap_shutdown                         - Undefined Weak Reference
    _get_lc_collate                           - Undefined Weak Reference
    _get_lc_ctype                             - Undefined Weak Reference
    _get_lc_monetary                          - Undefined Weak Reference
    _get_lc_numeric                           - Undefined Weak Reference
    _get_lc_time                              - Undefined Weak Reference
    _getenv_init                              - Undefined Weak Reference
    _handle_redirection                       - Undefined Weak Reference
    _init_alloc                               - Undefined Weak Reference
    _init_user_alloc                          - Undefined Weak Reference
    _initio                                   - Undefined Weak Reference
    _rand_init                                - Undefined Weak Reference
    _signal_finish                            - Undefined Weak Reference
    _signal_init                              - Undefined Weak Reference
    _terminate_alloc                          - Undefined Weak Reference
    _terminate_user_alloc                     - Undefined Weak Reference
    _terminateio                              - Undefined Weak Reference
    __Vectors_Size                           0x00000188   Number         0  startup_stm32f40_41xxx.o ABSOLUTE
    __Vectors                                0x08000000   Data           4  startup_stm32f40_41xxx.o(RESET)
    __Vectors_End                            0x08000188   Data           0  startup_stm32f40_41xxx.o(RESET)
    __main                                   0x08000189   Thumb Code     8  __main.o(!!!main)
    __scatterload                            0x08000191   Thumb Code     0  __scatter.o(!!!scatter)
    __scatterload_rt2                        0x08000191   Thumb Code    44  __scatter.o(!!!scatter)
    __scatterload_rt2_thumb_only             0x08000191   Thumb Code     0  __scatter.o(!!!scatter)
    __scatterload_null                       0x0800019f   Thumb Code     0  __scatter.o(!!!scatter)
    __scatterload_copy                       0x080001c5   Thumb Code    26  __scatter_copy.o(!!handler_copy)
    __scatterload_zeroinit                   0x080001e1   Thumb Code    28  __scatter_zi.o(!!handler_zi)
    __rt_lib_init                            0x080001fd   Thumb Code     0  libinit.o(.ARM.Collect$$libinit$$00000000)
    __rt_lib_init_fp_1                       0x080001ff   Thumb Code     0  libinit2.o(.ARM.Collect$$libinit$$00000001)
    __rt_lib_init_alloca_1                   0x08000203   Thumb Code     0  libinit2.o(.ARM.Collect$$libinit$$0000002E)
    __rt_lib_init_argv_1                     0x08000203   Thumb Code     0  libinit2.o(.ARM.Collect$$libinit$$0000002C)
    __rt_lib_init_atexit_1                   0x08000203   Thumb Code     0  libinit2.o(.ARM.Collect$$libinit$$0000001B)
    __rt_lib_init_clock_1                    0x08000203   Thumb Code     0  libinit2.o(.ARM.Collect$$libinit$$00000021)
    __rt_lib_init_cpp_1                      0x08000203   Thumb Code     0  libinit2.o(.ARM.Collect$$libinit$$00000032)
    __rt_lib_init_exceptions_1               0x08000203   Thumb Code     0  libinit2.o(.ARM.Collect$$libinit$$00000030)
    __rt_lib_init_fp_trap_1                  0x08000203   Thumb Code     0  libinit2.o(.ARM.Collect$$libinit$$0000001F)
    __rt_lib_init_getenv_1                   0x08000203   Thumb Code     0  libinit2.o(.ARM.Collect$$libinit$$00000023)
    __rt_lib_init_heap_1                     0x08000203   Thumb Code     0  libinit2.o(.ARM.Collect$$libinit$$0000000A)
    __rt_lib_init_lc_collate_1               0x08000203   Thumb Code     0  libinit2.o(.ARM.Collect$$libinit$$00000011)
    __rt_lib_init_lc_ctype_1                 0x08000203   Thumb Code     0  libinit2.o(.ARM.Collect$$libinit$$00000013)
    __rt_lib_init_lc_monetary_1              0x08000203   Thumb Code     0  libinit2.o(.ARM.Collect$$libinit$$00000015)
    __rt_lib_init_lc_numeric_1               0x08000203   Thumb Code     0  libinit2.o(.ARM.Collect$$libinit$$00000017)
    __rt_lib_init_lc_time_1                  0x08000203   Thumb Code     0  libinit2.o(.ARM.Collect$$libinit$$00000019)
    __rt_lib_init_preinit_1                  0x08000203   Thumb Code     0  libinit2.o(.ARM.Collect$$libinit$$00000004)
    __rt_lib_init_rand_1                     0x08000203   Thumb Code     0  libinit2.o(.ARM.Collect$$libinit$$0000000E)
    __rt_lib_init_return                     0x08000203   Thumb Code     0  libinit2.o(.ARM.Collect$$libinit$$00000033)
    __rt_lib_init_signal_1                   0x08000203   Thumb Code     0  libinit2.o(.ARM.Collect$$libinit$$0000001D)
    __rt_lib_init_stdio_1                    0x08000203   Thumb Code     0  libinit2.o(.ARM.Collect$$libinit$$00000025)
    __rt_lib_init_user_alloc_1               0x08000203   Thumb Code     0  libinit2.o(.ARM.Collect$$libinit$$0000000C)
    __rt_lib_shutdown                        0x08000205   Thumb Code     0  libshutdown.o(.ARM.Collect$$libshutdown$$00000000)
    __rt_lib_shutdown_cpp_1                  0x08000207   Thumb Code     0  libshutdown2.o(.ARM.Collect$$libshutdown$$00000002)
    __rt_lib_shutdown_fp_trap_1              0x08000207   Thumb Code     0  libshutdown2.o(.ARM.Collect$$libshutdown$$00000007)
    __rt_lib_shutdown_heap_1                 0x08000207   Thumb Code     0  libshutdown2.o(.ARM.Collect$$libshutdown$$0000000F)
    __rt_lib_shutdown_return                 0x08000207   Thumb Code     0  libshutdown2.o(.ARM.Collect$$libshutdown$$00000010)
    __rt_lib_shutdown_signal_1               0x08000207   Thumb Code     0  libshutdown2.o(.ARM.Collect$$libshutdown$$0000000A)
    __rt_lib_shutdown_stdio_1                0x08000207   Thumb Code     0  libshutdown2.o(.ARM.Collect$$libshutdown$$00000004)
    __rt_lib_shutdown_user_alloc_1           0x08000207   Thumb Code     0  libshutdown2.o(.ARM.Collect$$libshutdown$$0000000C)
    __rt_entry                               0x08000209   Thumb Code     0  __rtentry.o(.ARM.Collect$$rtentry$$00000000)
    __rt_entry_presh_1                       0x08000209   Thumb Code     0  __rtentry2.o(.ARM.Collect$$rtentry$$00000002)
    __rt_entry_sh                            0x08000209   Thumb Code     0  __rtentry4.o(.ARM.Collect$$rtentry$$00000004)
    __rt_entry_li                            0x0800020f   Thumb Code     0  __rtentry2.o(.ARM.Collect$$rtentry$$0000000A)
    __rt_entry_postsh_1                      0x0800020f   Thumb Code     0  __rtentry2.o(.ARM.Collect$$rtentry$$00000009)
    __rt_entry_main                          0x08000213   Thumb Code     0  __rtentry2.o(.ARM.Collect$$rtentry$$0000000D)
    __rt_entry_postli_1                      0x08000213   Thumb Code     0  __rtentry2.o(.ARM.Collect$$rtentry$$0000000C)
    __rt_exit                                0x0800021b   Thumb Code     0  rtexit.o(.ARM.Collect$$rtexit$$00000000)
    __rt_exit_ls                             0x0800021d   Thumb Code     0  rtexit2.o(.ARM.Collect$$rtexit$$00000003)
    __rt_exit_prels_1                        0x0800021d   Thumb Code     0  rtexit2.o(.ARM.Collect$$rtexit$$00000002)
    __rt_exit_exit                           0x08000221   Thumb Code     0  rtexit2.o(.ARM.Collect$$rtexit$$00000004)
    SVC_Handler                              0x08000229   Thumb Code    28  port.o(.emb_text)
    __asm___6_port_c_39a90d8d__prvStartFirstTask 0x08000249   Thumb Code    36  port.o(.emb_text)
    __asm___6_port_c_39a90d8d__prvEnableVFP  0x08000271   Thumb Code    16  port.o(.emb_text)
    PendSV_Handler                           0x08000285   Thumb Code    88  port.o(.emb_text)
    vPortGetIPSR                             0x080002e1   Thumb Code     6  port.o(.emb_text)
    Reset_Handler                            0x080002e9   Thumb Code     8  startup_stm32f40_41xxx.o(.text)
    NMI_Handler                              0x080002f1   Thumb Code     2  startup_stm32f40_41xxx.o(.text)
    MemManage_Handler                        0x080002f5   Thumb Code     2  startup_stm32f40_41xxx.o(.text)
    BusFault_Handler                         0x080002f7   Thumb Code     2  startup_stm32f40_41xxx.o(.text)
    UsageFault_Handler                       0x080002f9   Thumb Code     2  startup_stm32f40_41xxx.o(.text)
    DebugMon_Handler                         0x080002fd   Thumb Code     2  startup_stm32f40_41xxx.o(.text)
    ADC_IRQHandler                           0x08000303   Thumb Code     0  startup_stm32f40_41xxx.o(.text)
    CAN1_RX0_IRQHandler                      0x08000303   Thumb Code     0  startup_stm32f40_41xxx.o(.text)
    CAN1_RX1_IRQHandler                      0x08000303   Thumb Code     0  startup_stm32f40_41xxx.o(.text)
    CAN1_SCE_IRQHandler                      0x08000303   Thumb Code     0  startup_stm32f40_41xxx.o(.text)
    CAN1_TX_IRQHandler                       0x08000303   Thumb Code     0  startup_stm32f40_41xxx.o(.text)
    CAN2_RX0_IRQHandler                      0x08000303   Thumb Code     0  startup_stm32f40_41xxx.o(.text)
    CAN2_RX1_IRQHandler                      0x08000303   Thumb Code     0  startup_stm32f40_41xxx.o(.text)
    CAN2_SCE_IRQHandler                      0x08000303   Thumb Code     0  startup_stm32f40_41xxx.o(.text)
    CAN2_TX_IRQHandler                       0x08000303   Thumb Code     0  startup_stm32f40_41xxx.o(.text)
    CRYP_IRQHandler                          0x08000303   Thumb Code     0  startup_stm32f40_41xxx.o(.text)
    DCMI_IRQHandler                          0x08000303   Thumb Code     0  startup_stm32f40_41xxx.o(.text)
    DMA1_Stream0_IRQHandler                  0x08000303   Thumb Code     0  startup_stm32f40_41xxx.o(.text)
    DMA1_Stream1_IRQHandler                  0x08000303   Thumb Code     0  startup_stm32f40_41xxx.o(.text)
    DMA1_Stream2_IRQHandler                  0x08000303   Thumb Code     0  startup_stm32f40_41xxx.o(.text)
    DMA1_Stream3_IRQHandler                  0x08000303   Thumb Code     0  startup_stm32f40_41xxx.o(.text)
    DMA1_Stream4_IRQHandler                  0x08000303   Thumb Code     0  startup_stm32f40_41xxx.o(.text)
    DMA1_Stream5_IRQHandler                  0x08000303   Thumb Code     0  startup_stm32f40_41xxx.o(.text)
    DMA1_Stream6_IRQHandler                  0x08000303   Thumb Code     0  startup_stm32f40_41xxx.o(.text)
    DMA1_Stream7_IRQHandler                  0x08000303   Thumb Code     0  startup_stm32f40_41xxx.o(.text)
    DMA2_Stream0_IRQHandler                  0x08000303   Thumb Code     0  startup_stm32f40_41xxx.o(.text)
    DMA2_Stream1_IRQHandler                  0x08000303   Thumb Code     0  startup_stm32f40_41xxx.o(.text)
    DMA2_Stream2_IRQHandler                  0x08000303   Thumb Code     0  startup_stm32f40_41xxx.o(.text)
    DMA2_Stream3_IRQHandler                  0x08000303   Thumb Code     0  startup_stm32f40_41xxx.o(.text)
    DMA2_Stream4_IRQHandler                  0x08000303   Thumb Code     0  startup_stm32f40_41xxx.o(.text)
    DMA2_Stream5_IRQHandler                  0x08000303   Thumb Code     0  startup_stm32f40_41xxx.o(.text)
    DMA2_Stream6_IRQHandler                  0x08000303   Thumb Code     0  startup_stm32f40_41xxx.o(.text)
    DMA2_Stream7_IRQHandler                  0x08000303   Thumb Code     0  startup_stm32f40_41xxx.o(.text)
    ETH_IRQHandler                           0x08000303   Thumb Code     0  startup_stm32f40_41xxx.o(.text)
    ETH_WKUP_IRQHandler                      0x08000303   Thumb Code     0  startup_stm32f40_41xxx.o(.text)
    EXTI15_10_IRQHandler                     0x08000303   Thumb Code     0  startup_stm32f40_41xxx.o(.text)
    EXTI1_IRQHandler                         0x08000303   Thumb Code     0  startup_stm32f40_41xxx.o(.text)
    EXTI2_IRQHandler                         0x08000303   Thumb Code     0  startup_stm32f40_41xxx.o(.text)
    EXTI3_IRQHandler                         0x08000303   Thumb Code     0  startup_stm32f40_41xxx.o(.text)
    EXTI4_IRQHandler                         0x08000303   Thumb Code     0  startup_stm32f40_41xxx.o(.text)
    EXTI9_5_IRQHandler                       0x08000303   Thumb Code     0  startup_stm32f40_41xxx.o(.text)
    FLASH_IRQHandler                         0x08000303   Thumb Code     0  startup_stm32f40_41xxx.o(.text)
    FPU_IRQHandler                           0x08000303   Thumb Code     0  startup_stm32f40_41xxx.o(.text)
    FSMC_IRQHandler                          0x08000303   Thumb Code     0  startup_stm32f40_41xxx.o(.text)
    HASH_RNG_IRQHandler                      0x08000303   Thumb Code     0  startup_stm32f40_41xxx.o(.text)
    I2C1_ER_IRQHandler                       0x08000303   Thumb Code     0  startup_stm32f40_41xxx.o(.text)
    I2C1_EV_IRQHandler                       0x08000303   Thumb Code     0  startup_stm32f40_41xxx.o(.text)
    I2C2_ER_IRQHandler                       0x08000303   Thumb Code     0  startup_stm32f40_41xxx.o(.text)
    I2C2_EV_IRQHandler                       0x08000303   Thumb Code     0  startup_stm32f40_41xxx.o(.text)
    I2C3_ER_IRQHandler                       0x08000303   Thumb Code     0  startup_stm32f40_41xxx.o(.text)
    I2C3_EV_IRQHandler                       0x08000303   Thumb Code     0  startup_stm32f40_41xxx.o(.text)
    OTG_FS_IRQHandler                        0x08000303   Thumb Code     0  startup_stm32f40_41xxx.o(.text)
    OTG_FS_WKUP_IRQHandler                   0x08000303   Thumb Code     0  startup_stm32f40_41xxx.o(.text)
    OTG_HS_EP1_IN_IRQHandler                 0x08000303   Thumb Code     0  startup_stm32f40_41xxx.o(.text)
    OTG_HS_EP1_OUT_IRQHandler                0x08000303   Thumb Code     0  startup_stm32f40_41xxx.o(.text)
    OTG_HS_IRQHandler                        0x08000303   Thumb Code     0  startup_stm32f40_41xxx.o(.text)
    OTG_HS_WKUP_IRQHandler                   0x08000303   Thumb Code     0  startup_stm32f40_41xxx.o(.text)
    PVD_IRQHandler                           0x08000303   Thumb Code     0  startup_stm32f40_41xxx.o(.text)
    RCC_IRQHandler                           0x08000303   Thumb Code     0  startup_stm32f40_41xxx.o(.text)
    RTC_Alarm_IRQHandler                     0x08000303   Thumb Code     0  startup_stm32f40_41xxx.o(.text)
    RTC_WKUP_IRQHandler                      0x08000303   Thumb Code     0  startup_stm32f40_41xxx.o(.text)
    SDIO_IRQHandler                          0x08000303   Thumb Code     0  startup_stm32f40_41xxx.o(.text)
    SPI1_IRQHandler                          0x08000303   Thumb Code     0  startup_stm32f40_41xxx.o(.text)
    SPI2_IRQHandler                          0x08000303   Thumb Code     0  startup_stm32f40_41xxx.o(.text)
    SPI3_IRQHandler                          0x08000303   Thumb Code     0  startup_stm32f40_41xxx.o(.text)
    TAMP_STAMP_IRQHandler                    0x08000303   Thumb Code     0  startup_stm32f40_41xxx.o(.text)
    TIM1_BRK_TIM9_IRQHandler                 0x08000303   Thumb Code     0  startup_stm32f40_41xxx.o(.text)
    TIM1_CC_IRQHandler                       0x08000303   Thumb Code     0  startup_stm32f40_41xxx.o(.text)
    TIM1_TRG_COM_TIM11_IRQHandler            0x08000303   Thumb Code     0  startup_stm32f40_41xxx.o(.text)
    TIM1_UP_TIM10_IRQHandler                 0x08000303   Thumb Code     0  startup_stm32f40_41xxx.o(.text)
    TIM2_IRQHandler                          0x08000303   Thumb Code     0  startup_stm32f40_41xxx.o(.text)
    TIM3_IRQHandler                          0x08000303   Thumb Code     0  startup_stm32f40_41xxx.o(.text)
    TIM4_IRQHandler                          0x08000303   Thumb Code     0  startup_stm32f40_41xxx.o(.text)
    TIM5_IRQHandler                          0x08000303   Thumb Code     0  startup_stm32f40_41xxx.o(.text)
    TIM6_DAC_IRQHandler                      0x08000303   Thumb Code     0  startup_stm32f40_41xxx.o(.text)
    TIM7_IRQHandler                          0x08000303   Thumb Code     0  startup_stm32f40_41xxx.o(.text)
    TIM8_BRK_TIM12_IRQHandler                0x08000303   Thumb Code     0  startup_stm32f40_41xxx.o(.text)
    TIM8_CC_IRQHandler                       0x08000303   Thumb Code     0  startup_stm32f40_41xxx.o(.text)
    TIM8_TRG_COM_TIM14_IRQHandler            0x08000303   Thumb Code     0  startup_stm32f40_41xxx.o(.text)
    TIM8_UP_TIM13_IRQHandler                 0x08000303   Thumb Code     0  startup_stm32f40_41xxx.o(.text)
    UART4_IRQHandler                         0x08000303   Thumb Code     0  startup_stm32f40_41xxx.o(.text)
    UART5_IRQHandler                         0x08000303   Thumb Code     0  startup_stm32f40_41xxx.o(.text)
    USART3_IRQHandler                        0x08000303   Thumb Code     0  startup_stm32f40_41xxx.o(.text)
    USART6_IRQHandler                        0x08000303   Thumb Code     0  startup_stm32f40_41xxx.o(.text)
    WWDG_IRQHandler                          0x08000303   Thumb Code     0  startup_stm32f40_41xxx.o(.text)
    __user_initial_stackheap                 0x08000305   Thumb Code     0  startup_stm32f40_41xxx.o(.text)
    strcpy                                   0x08000329   Thumb Code    72  strcpy.o(.text)
    strlen                                   0x08000371   Thumb Code    62  strlen.o(.text)
    strncmp                                  0x080003af   Thumb Code   150  strncmp.o(.text)
    __aeabi_memcpy                           0x08000445   Thumb Code     0  rt_memcpy_v6.o(.text)
    __rt_memcpy                              0x08000445   Thumb Code   138  rt_memcpy_v6.o(.text)
    _memcpy_lastbytes                        0x080004ab   Thumb Code     0  rt_memcpy_v6.o(.text)
    __aeabi_memcpy4                          0x080004cf   Thumb Code     0  rt_memcpy_w.o(.text)
    __aeabi_memcpy8                          0x080004cf   Thumb Code     0  rt_memcpy_w.o(.text)
    __rt_memcpy_w                            0x080004cf   Thumb Code   100  rt_memcpy_w.o(.text)
    _memcpy_lastbytes_aligned                0x08000517   Thumb Code     0  rt_memcpy_w.o(.text)
    memset                                   0x08000533   Thumb Code    22  memset.o(.text)
    __aeabi_memset                           0x08000549   Thumb Code    16  aeabi_memset.o(.text)
    __aeabi_memclr4                          0x08000559   Thumb Code     0  rt_memclr_w.o(.text)
    __aeabi_memclr8                          0x08000559   Thumb Code     0  rt_memclr_w.o(.text)
    __rt_memclr_w                            0x08000559   Thumb Code    78  rt_memclr_w.o(.text)
    _memset_w                                0x0800055d   Thumb Code     0  rt_memclr_w.o(.text)
    __use_two_region_memory                  0x080005a7   Thumb Code     2  heapauxi.o(.text)
    __rt_heap_escrow$2region                 0x080005a9   Thumb Code     2  heapauxi.o(.text)
    __rt_heap_expand$2region                 0x080005ab   Thumb Code     2  heapauxi.o(.text)
    __aeabi_memclr                           0x080005ad   Thumb Code     0  rt_memclr.o(.text)
    __rt_memclr                              0x080005ad   Thumb Code    68  rt_memclr.o(.text)
    _memset                                  0x080005b1   Thumb Code     0  rt_memclr.o(.text)
    __user_setup_stackheap                   0x080005f1   Thumb Code    74  sys_stackheap_outer.o(.text)
    exit                                     0x0800063b   Thumb Code    18  exit.o(.text)
    __user_libspace                          0x0800064d   Thumb Code     8  libspace.o(.text)
    __user_perproc_libspace                  0x0800064d   Thumb Code     0  libspace.o(.text)
    __user_perthread_libspace                0x0800064d   Thumb Code     0  libspace.o(.text)
    _sys_exit                                0x08000655   Thumb Code     8  sys_exit.o(.text)
    __I$use$semihosting                      0x08000661   Thumb Code     0  use_no_semi.o(.text)
    __use_no_semihosting_swi                 0x08000661   Thumb Code     2  use_no_semi.o(.text)
    EXTI0_IRQHandler                         0x08000663   Thumb Code    20  main.o(i.EXTI0_IRQHandler)
    __semihosting_library_function           0x08000663   Thumb Code     0  indicate_semi.o(.text)
    EXTI_ClearITPendingBit                   0x08000679   Thumb Code     6  stm32f4xx_exti.o(i.EXTI_ClearITPendingBit)
    EXTI_GetITStatus                         0x08000685   Thumb Code    20  stm32f4xx_exti.o(i.EXTI_GetITStatus)
    EXTI_Init                                0x0800069d   Thumb Code   142  stm32f4xx_exti.o(i.EXTI_Init)
    GPIO_Init                                0x08000731   Thumb Code   144  stm32f4xx_gpio.o(i.GPIO_Init)
    GPIO_PinAFConfig                         0x080007c1   Thumb Code    70  stm32f4xx_gpio.o(i.GPIO_PinAFConfig)
    HardFault_Handler                        0x08000807   Thumb Code     4  se_taks.o(i.HardFault_Handler)
    MessageToQueue                           0x0800080d   Thumb Code    62  se_taks.o(i.MessageToQueue)
    NVIC_Init                                0x08000875   Thumb Code   106  misc.o(i.NVIC_Init)
    RCC_AHB1PeriphClockCmd                   0x080008ed   Thumb Code    26  stm32f4xx_rcc.o(i.RCC_AHB1PeriphClockCmd)
    RCC_APB1PeriphClockCmd                   0x0800090d   Thumb Code    26  stm32f4xx_rcc.o(i.RCC_APB1PeriphClockCmd)
    RCC_APB2PeriphClockCmd                   0x0800092d   Thumb Code    26  stm32f4xx_rcc.o(i.RCC_APB2PeriphClockCmd)
    RCC_GetClocksFreq                        0x0800094d   Thumb Code   214  stm32f4xx_rcc.o(i.RCC_GetClocksFreq)
    SYSCFG_EXTILineConfig                    0x08000a35   Thumb Code    60  stm32f4xx_syscfg.o(i.SYSCFG_EXTILineConfig)
    SysTick_Handler                          0x08000b61   Thumb Code    46  port.o(i.SysTick_Handler)
    SystemCoreClockUpdate                    0x08000b95   Thumb Code   170  system_stm32f4xx.o(i.SystemCoreClockUpdate)
    SystemInit                               0x08000c55   Thumb Code    88  system_stm32f4xx.o(i.SystemInit)
    Timer1_CallBack                          0x08000cbd   Thumb Code    84  se_taks.o(i.Timer1_CallBack)
    USART1_IRQHandler                        0x08000d21   Thumb Code   104  main.o(i.USART1_IRQHandler)
    USART2_IRQHandler                        0x08000d99   Thumb Code   172  main.o(i.USART2_IRQHandler)
    USART_Cmd                                0x08000e61   Thumb Code    24  stm32f4xx_usart.o(i.USART_Cmd)
    USART_GetITStatus                        0x08000e79   Thumb Code    84  stm32f4xx_usart.o(i.USART_GetITStatus)
    USART_ITConfig                           0x08000ecd   Thumb Code    74  stm32f4xx_usart.o(i.USART_ITConfig)
    USART_Init                               0x08000f19   Thumb Code   204  stm32f4xx_usart.o(i.USART_Init)
    USART_ReceiveData                        0x08000fed   Thumb Code    10  stm32f4xx_usart.o(i.USART_ReceiveData)
    USART_SendData                           0x08000ff7   Thumb Code     8  stm32f4xx_usart.o(i.USART_SendData)
    clock_config                             0x08001029   Thumb Code    70  inits.o(i.clock_config)
    fnc_sendUSART                            0x08001075   Thumb Code    40  se_taks.o(i.fnc_sendUSART)
    init_Usart1                              0x0800109d   Thumb Code   174  inits.o(i.init_Usart1)
    init_Usart2                              0x08001155   Thumb Code   184  inits.o(i.init_Usart2)
    init_gpioa                               0x08001215   Thumb Code   148  inits.o(i.init_gpioa)
    init_rcc                                 0x080012b1   Thumb Code    44  inits.o(i.init_rcc)
    inits                                    0x080012dd   Thumb Code    24  inits.o(i.inits)
    led12_toggle                             0x080012f5   Thumb Code    14  leds.o(i.led12_toggle)
    led15_toggle                             0x08001309   Thumb Code    14  leds.o(i.led15_toggle)
    main                                     0x0800131d   Thumb Code   238  main.o(i.main)
    process_MessageQueue                     0x08001499   Thumb Code    78  se_taks.o(i.process_MessageQueue)
    put_tickstamp                            0x08002255   Thumb Code   152  se_taks.o(i.put_tickstamp)
    pvPortMalloc                             0x080022f5   Thumb Code   322  heap_4.o(i.pvPortMalloc)
    pxPortInitialiseStack                    0x08002451   Thumb Code    38  port.o(i.pxPortInitialiseStack)
    uxListRemove                             0x0800247d   Thumb Code    40  list.o(i.uxListRemove)
    uxQueueMessagesWaiting                   0x080024a5   Thumb Code    44  queue.o(i.uxQueueMessagesWaiting)
    vApplicationMallocFailedHook             0x080024d1   Thumb Code     2  se_taks.o(i.vApplicationMallocFailedHook)
    vListInitialise                          0x080024d3   Thumb Code    26  list.o(i.vListInitialise)
    vListInitialiseItem                      0x080024ed   Thumb Code     6  list.o(i.vListInitialiseItem)
    vListInsert                              0x080024f3   Thumb Code    52  list.o(i.vListInsert)
    vListInsertEnd                           0x08002527   Thumb Code    24  list.o(i.vListInsertEnd)
    vPeriodiktoggle12                        0x08002541   Thumb Code   104  se_taks.o(i.vPeriodiktoggle12)
    vPeriodiktoggle15                        0x080025dd   Thumb Code   104  se_taks.o(i.vPeriodiktoggle15)
    vPortEnterCritical                       0x08002679   Thumb Code    78  port.o(i.vPortEnterCritical)
    vPortExitCritical                        0x080026d1   Thumb Code    58  port.o(i.vPortExitCritical)
    vPortFree                                0x08002711   Thumb Code   154  heap_4.o(i.vPortFree)
    vPortSetupTimerInterrupt                 0x080027b9   Thumb Code    36  port.o(i.vPortSetupTimerInterrupt)
    vPortValidateInterruptPriority           0x080027e1   Thumb Code   110  port.o(i.vPortValidateInterruptPriority)
    vQueueAddToRegistry                      0x0800285d   Thumb Code    38  queue.o(i.vQueueAddToRegistry)
    vQueueWaitForMessageRestricted           0x08002889   Thumb Code    74  queue.o(i.vQueueWaitForMessageRestricted)
    vSe_Que_Receive                          0x080028d5   Thumb Code   134  se_taks.o(i.vSe_Que_Receive)
    vTaskInternalSetTimeOutState             0x0800296d   Thumb Code    14  tasks.o(i.vTaskInternalSetTimeOutState)
    vTaskMissedYield                         0x08002985   Thumb Code     8  tasks.o(i.vTaskMissedYield)
    vTaskPlaceOnEventList                    0x08002991   Thumb Code    54  tasks.o(i.vTaskPlaceOnEventList)
    vTaskPlaceOnEventListRestricted          0x080029cd   Thumb Code    62  tasks.o(i.vTaskPlaceOnEventListRestricted)
    vTaskStartScheduler                      0x08002a11   Thumb Code   124  tasks.o(i.vTaskStartScheduler)
    vTaskSuspendAll                          0x08002aad   Thumb Code    12  tasks.o(i.vTaskSuspendAll)
    vTaskSwitchContext                       0x08002abd   Thumb Code   120  tasks.o(i.vTaskSwitchContext)
    xPortStartScheduler                      0x08002b49   Thumb Code   338  port.o(i.xPortStartScheduler)
    xQueueGenericCreate                      0x08002cb9   Thumb Code   128  queue.o(i.xQueueGenericCreate)
    xQueueGenericReset                       0x08002d39   Thumb Code   148  queue.o(i.xQueueGenericReset)
    xQueueGenericSend                        0x08002dd1   Thumb Code   428  queue.o(i.xQueueGenericSend)
    xQueueGenericSendFromISR                 0x08002f81   Thumb Code   296  queue.o(i.xQueueGenericSendFromISR)
    xQueueReceive                            0x080030a9   Thumb Code   362  queue.o(i.xQueueReceive)
    xStreamBufferGenericCreate               0x08003219   Thumb Code   166  stream_buffer.o(i.xStreamBufferGenericCreate)
    xStreamBufferReceive                     0x080032bf   Thumb Code   266  stream_buffer.o(i.xStreamBufferReceive)
    xStreamBufferSendFromISR                 0x080033c9   Thumb Code   190  stream_buffer.o(i.xStreamBufferSendFromISR)
    xStreamBufferSpacesAvailable             0x08003487   Thumb Code    56  stream_buffer.o(i.xStreamBufferSpacesAvailable)
    xTaskCheckForTimeOut                     0x080034c1   Thumb Code   140  tasks.o(i.xTaskCheckForTimeOut)
    xTaskCreate                              0x08003555   Thumb Code    96  tasks.o(i.xTaskCreate)
    xTaskDelayUntil                          0x080035b5   Thumb Code   208  tasks.o(i.xTaskDelayUntil)
    xTaskGenericNotify                       0x08003691   Thumb Code   370  tasks.o(i.xTaskGenericNotify)
    xTaskGenericNotifyFromISR                0x08003819   Thumb Code   420  tasks.o(i.xTaskGenericNotifyFromISR)
    xTaskGenericNotifyStateClear             0x080039d9   Thumb Code    92  tasks.o(i.xTaskGenericNotifyStateClear)
    xTaskGenericNotifyWait                   0x08003a39   Thumb Code   198  tasks.o(i.xTaskGenericNotifyWait)
    xTaskGetCurrentTaskHandle                0x08003b09   Thumb Code     6  tasks.o(i.xTaskGetCurrentTaskHandle)
    xTaskGetSchedulerState                   0x08003b15   Thumb Code    24  tasks.o(i.xTaskGetSchedulerState)
    xTaskGetTickCount                        0x08003b35   Thumb Code     6  tasks.o(i.xTaskGetTickCount)
    xTaskIncrementTick                       0x08003b41   Thumb Code   284  tasks.o(i.xTaskIncrementTick)
    xTaskPriorityDisinherit                  0x08003c89   Thumb Code   178  tasks.o(i.xTaskPriorityDisinherit)
    xTaskRemoveFromEventList                 0x08003d49   Thumb Code   130  tasks.o(i.xTaskRemoveFromEventList)
    xTaskResumeAll                           0x08003de5   Thumb Code   226  tasks.o(i.xTaskResumeAll)
    xTimerCreate                             0x08003eed   Thumb Code    54  timers.o(i.xTimerCreate)
    xTimerCreateTimerTask                    0x08003f25   Thumb Code    68  timers.o(i.xTimerCreateTimerTask)
    xTimerGenericCommand                     0x08003f7d   Thumb Code   128  timers.o(i.xTimerGenericCommand)
    xTimerGetPeriod                          0x08004001   Thumb Code    34  timers.o(i.xTimerGetPeriod)
    _fp_init                                 0x08004023   Thumb Code    10  fpinit.o(x$fpl$fpinit)
    __fplib_config_fpu_vfp                   0x0800402b   Thumb Code     0  fpinit.o(x$fpl$fpinit)
    __fplib_config_pureend_doubles           0x0800402b   Thumb Code     0  fpinit.o(x$fpl$fpinit)
    Region$$Table$$Base                      0x0800402c   Number         0  anon$$obj.o(Region$$Table)
    Region$$Table$$Limit                     0x0800404c   Number         0  anon$$obj.o(Region$$Table)
    usar2_data_cnt                           0x20000000   Data           1  main.o(.data)
    usar1_data_cnt                           0x20000001   Data           1  main.o(.data)
    usar2_data                               0x20000002   Data           1  main.o(.data)
    usar1_data                               0x20000003   Data           1  main.o(.data)
    mesagebufret                             0x20000004   Data           4  main.o(.data)
    timeperiod                               0x20000008   Data           4  se_taks.o(.data)
    curr_Tick                                0x2000000c   Data           4  se_taks.o(.data)
    xUsart2TxQueue                           0x20000010   Data           4  se_taks.o(.data)
    xUsart2RxQueue                           0x20000014   Data           4  se_taks.o(.data)
    xRx2MessageBuffer                        0x20000018   Data           4  se_taks.o(.data)
    MessageQueue                             0x2000001c   Data           4  se_taks.o(.data)
    xTimer1                                  0x20000020   Data           4  se_taks.o(.data)
    que                                      0x20000024   Data           4  se_taks.o(.data)
    numbofIteminTxBuf                        0x20000028   Data           4  se_taks.o(.data)
    sempHand                                 0x2000002c   Data           4  se_taks.o(.data)
    timer_str_buff                           0x20000030   Data          32  se_taks.o(.data)
    pxCurrentTCB                             0x20000054   Data           4  tasks.o(.data)
    uxTopUsedPriority                        0x2000008c   Data           4  tasks.o(.data)
    SystemCoreClock                          0x200000e4   Data           4  system_stm32f4xx.o(.data)
    AHBPrescTable                            0x200000e8   Data          16  system_stm32f4xx.o(.data)
    usa2_RX_buf                              0x200000f8   Data          50  se_taks.o(.bss)
    usa1_RX_buf                              0x2000012a   Data          50  se_taks.o(.bss)
    task12_buffer                            0x2000015c   Data          21  se_taks.o(.bss)
    task13_buffer                            0x20000171   Data          21  se_taks.o(.bss)
    task14_buffer                            0x20000186   Data          21  se_taks.o(.bss)
    task15_buffer                            0x2000019b   Data          21  se_taks.o(.bss)
    que_recev_buffer                         0x200001b0   Data          21  se_taks.o(.bss)
    xQueueRegistry                           0x200001c8   Data          64  queue.o(.bss)
    __libspace_start                         0x2000a2f8   Data          96  libspace.o(.bss)
    __temporary_stack_top$libspace           0x2000a358   Data           0  libspace.o(.bss)



==============================================================================

Memory Map of the image

  Image Entry point : 0x080002e9

  Load Region LR_1 (Base: 0x08000000, Size: 0x00004144, Max: 0xffffffff, ABSOLUTE)

    Execution Region ER_RO (Exec base: 0x08000000, Load base: 0x08000000, Size: 0x0000404c, Max: 0xffffffff, ABSOLUTE)

    Exec Addr    Load Addr    Size         Type   Attr      Idx    E Section Name        Object

    0x08000000   0x08000000   0x00000188   Data   RO         2645    RESET               startup_stm32f40_41xxx.o
    0x08000188   0x08000188   0x00000008   Code   RO         2708  * !!!main             c_w.l(__main.o)
    0x08000190   0x08000190   0x00000034   Code   RO         2867    !!!scatter          c_w.l(__scatter.o)
    0x080001c4   0x080001c4   0x0000001a   Code   RO         2869    !!handler_copy      c_w.l(__scatter_copy.o)
    0x080001de   0x080001de   0x00000002   PAD
    0x080001e0   0x080001e0   0x0000001c   Code   RO         2871    !!handler_zi        c_w.l(__scatter_zi.o)
    0x080001fc   0x080001fc   0x00000002   Code   RO         2737    .ARM.Collect$$libinit$$00000000  c_w.l(libinit.o)
    0x080001fe   0x080001fe   0x00000004   Code   RO         2743    .ARM.Collect$$libinit$$00000001  c_w.l(libinit2.o)
    0x08000202   0x08000202   0x00000000   Code   RO         2746    .ARM.Collect$$libinit$$00000004  c_w.l(libinit2.o)
    0x08000202   0x08000202   0x00000000   Code   RO         2749    .ARM.Collect$$libinit$$0000000A  c_w.l(libinit2.o)
    0x08000202   0x08000202   0x00000000   Code   RO         2751    .ARM.Collect$$libinit$$0000000C  c_w.l(libinit2.o)
    0x08000202   0x08000202   0x00000000   Code   RO         2753    .ARM.Collect$$libinit$$0000000E  c_w.l(libinit2.o)
    0x08000202   0x08000202   0x00000000   Code   RO         2756    .ARM.Collect$$libinit$$00000011  c_w.l(libinit2.o)
    0x08000202   0x08000202   0x00000000   Code   RO         2758    .ARM.Collect$$libinit$$00000013  c_w.l(libinit2.o)
    0x08000202   0x08000202   0x00000000   Code   RO         2760    .ARM.Collect$$libinit$$00000015  c_w.l(libinit2.o)
    0x08000202   0x08000202   0x00000000   Code   RO         2762    .ARM.Collect$$libinit$$00000017  c_w.l(libinit2.o)
    0x08000202   0x08000202   0x00000000   Code   RO         2764    .ARM.Collect$$libinit$$00000019  c_w.l(libinit2.o)
    0x08000202   0x08000202   0x00000000   Code   RO         2766    .ARM.Collect$$libinit$$0000001B  c_w.l(libinit2.o)
    0x08000202   0x08000202   0x00000000   Code   RO         2768    .ARM.Collect$$libinit$$0000001D  c_w.l(libinit2.o)
    0x08000202   0x08000202   0x00000000   Code   RO         2770    .ARM.Collect$$libinit$$0000001F  c_w.l(libinit2.o)
    0x08000202   0x08000202   0x00000000   Code   RO         2772    .ARM.Collect$$libinit$$00000021  c_w.l(libinit2.o)
    0x08000202   0x08000202   0x00000000   Code   RO         2774    .ARM.Collect$$libinit$$00000023  c_w.l(libinit2.o)
    0x08000202   0x08000202   0x00000000   Code   RO         2776    .ARM.Collect$$libinit$$00000025  c_w.l(libinit2.o)
    0x08000202   0x08000202   0x00000000   Code   RO         2780    .ARM.Collect$$libinit$$0000002C  c_w.l(libinit2.o)
    0x08000202   0x08000202   0x00000000   Code   RO         2782    .ARM.Collect$$libinit$$0000002E  c_w.l(libinit2.o)
    0x08000202   0x08000202   0x00000000   Code   RO         2784    .ARM.Collect$$libinit$$00000030  c_w.l(libinit2.o)
    0x08000202   0x08000202   0x00000000   Code   RO         2786    .ARM.Collect$$libinit$$00000032  c_w.l(libinit2.o)
    0x08000202   0x08000202   0x00000002   Code   RO         2787    .ARM.Collect$$libinit$$00000033  c_w.l(libinit2.o)
    0x08000204   0x08000204   0x00000002   Code   RO         2807    .ARM.Collect$$libshutdown$$00000000  c_w.l(libshutdown.o)
    0x08000206   0x08000206   0x00000000   Code   RO         2820    .ARM.Collect$$libshutdown$$00000002  c_w.l(libshutdown2.o)
    0x08000206   0x08000206   0x00000000   Code   RO         2822    .ARM.Collect$$libshutdown$$00000004  c_w.l(libshutdown2.o)
    0x08000206   0x08000206   0x00000000   Code   RO         2825    .ARM.Collect$$libshutdown$$00000007  c_w.l(libshutdown2.o)
    0x08000206   0x08000206   0x00000000   Code   RO         2828    .ARM.Collect$$libshutdown$$0000000A  c_w.l(libshutdown2.o)
    0x08000206   0x08000206   0x00000000   Code   RO         2830    .ARM.Collect$$libshutdown$$0000000C  c_w.l(libshutdown2.o)
    0x08000206   0x08000206   0x00000000   Code   RO         2833    .ARM.Collect$$libshutdown$$0000000F  c_w.l(libshutdown2.o)
    0x08000206   0x08000206   0x00000002   Code   RO         2834    .ARM.Collect$$libshutdown$$00000010  c_w.l(libshutdown2.o)
    0x08000208   0x08000208   0x00000000   Code   RO         2710    .ARM.Collect$$rtentry$$00000000  c_w.l(__rtentry.o)
    0x08000208   0x08000208   0x00000000   Code   RO         2714    .ARM.Collect$$rtentry$$00000002  c_w.l(__rtentry2.o)
    0x08000208   0x08000208   0x00000006   Code   RO         2726    .ARM.Collect$$rtentry$$00000004  c_w.l(__rtentry4.o)
    0x0800020e   0x0800020e   0x00000000   Code   RO         2716    .ARM.Collect$$rtentry$$00000009  c_w.l(__rtentry2.o)
    0x0800020e   0x0800020e   0x00000004   Code   RO         2717    .ARM.Collect$$rtentry$$0000000A  c_w.l(__rtentry2.o)
    0x08000212   0x08000212   0x00000000   Code   RO         2719    .ARM.Collect$$rtentry$$0000000C  c_w.l(__rtentry2.o)
    0x08000212   0x08000212   0x00000008   Code   RO         2720    .ARM.Collect$$rtentry$$0000000D  c_w.l(__rtentry2.o)
    0x0800021a   0x0800021a   0x00000002   Code   RO         2741    .ARM.Collect$$rtexit$$00000000  c_w.l(rtexit.o)
    0x0800021c   0x0800021c   0x00000000   Code   RO         2789    .ARM.Collect$$rtexit$$00000002  c_w.l(rtexit2.o)
    0x0800021c   0x0800021c   0x00000004   Code   RO         2790    .ARM.Collect$$rtexit$$00000003  c_w.l(rtexit2.o)
    0x08000220   0x08000220   0x00000006   Code   RO         2791    .ARM.Collect$$rtexit$$00000004  c_w.l(rtexit2.o)
    0x08000226   0x08000226   0x00000002   PAD
    0x08000228   0x08000228   0x000000be   Code   RO         1513    .emb_text           port.o
    0x080002e6   0x080002e6   0x00000002   PAD
    0x080002e8   0x080002e8   0x00000040   Code   RO         2646  * .text               startup_stm32f40_41xxx.o
    0x08000328   0x08000328   0x00000048   Code   RO         2690    .text               c_w.l(strcpy.o)
    0x08000370   0x08000370   0x0000003e   Code   RO         2692    .text               c_w.l(strlen.o)
    0x080003ae   0x080003ae   0x00000096   Code   RO         2694    .text               c_w.l(strncmp.o)
    0x08000444   0x08000444   0x0000008a   Code   RO         2696    .text               c_w.l(rt_memcpy_v6.o)
    0x080004ce   0x080004ce   0x00000064   Code   RO         2698    .text               c_w.l(rt_memcpy_w.o)
    0x08000532   0x08000532   0x00000016   Code   RO         2700    .text               c_w.l(memset.o)
    0x08000548   0x08000548   0x00000010   Code   RO         2702    .text               c_w.l(aeabi_memset.o)
    0x08000558   0x08000558   0x0000004e   Code   RO         2704    .text               c_w.l(rt_memclr_w.o)
    0x080005a6   0x080005a6   0x00000006   Code   RO         2706    .text               c_w.l(heapauxi.o)
    0x080005ac   0x080005ac   0x00000044   Code   RO         2711    .text               c_w.l(rt_memclr.o)
    0x080005f0   0x080005f0   0x0000004a   Code   RO         2728    .text               c_w.l(sys_stackheap_outer.o)
    0x0800063a   0x0800063a   0x00000012   Code   RO         2730    .text               c_w.l(exit.o)
    0x0800064c   0x0800064c   0x00000008   Code   RO         2738    .text               c_w.l(libspace.o)
    0x08000654   0x08000654   0x0000000c   Code   RO         2799    .text               c_w.l(sys_exit.o)
    0x08000660   0x08000660   0x00000002   Code   RO         2810    .text               c_w.l(use_no_semi.o)
    0x08000662   0x08000662   0x00000000   Code   RO         2812    .text               c_w.l(indicate_semi.o)
    0x08000662   0x08000662   0x00000014   Code   RO            4    i.EXTI0_IRQHandler  main.o
    0x08000676   0x08000676   0x00000002   PAD
    0x08000678   0x08000678   0x0000000c   Code   RO         1697    i.EXTI_ClearITPendingBit  stm32f4xx_exti.o
    0x08000684   0x08000684   0x00000018   Code   RO         1701    i.EXTI_GetITStatus  stm32f4xx_exti.o
    0x0800069c   0x0800069c   0x00000094   Code   RO         1702    i.EXTI_Init         stm32f4xx_exti.o
    0x08000730   0x08000730   0x00000090   Code   RO         1763    i.GPIO_Init         stm32f4xx_gpio.o
    0x080007c0   0x080007c0   0x00000046   Code   RO         1764    i.GPIO_PinAFConfig  stm32f4xx_gpio.o
    0x08000806   0x08000806   0x00000004   Code   RO          328    i.HardFault_Handler  se_taks.o
    0x0800080a   0x0800080a   0x00000002   PAD
    0x0800080c   0x0800080c   0x00000068   Code   RO          329    i.MessageToQueue    se_taks.o
    0x08000874   0x08000874   0x00000078   Code   RO         1648    i.NVIC_Init         misc.o
    0x080008ec   0x080008ec   0x00000020   Code   RO         1864    i.RCC_AHB1PeriphClockCmd  stm32f4xx_rcc.o
    0x0800090c   0x0800090c   0x00000020   Code   RO         1873    i.RCC_APB1PeriphClockCmd  stm32f4xx_rcc.o
    0x0800092c   0x0800092c   0x00000020   Code   RO         1876    i.RCC_APB2PeriphClockCmd  stm32f4xx_rcc.o
    0x0800094c   0x0800094c   0x000000e8   Code   RO         1885    i.RCC_GetClocksFreq  stm32f4xx_rcc.o
    0x08000a34   0x08000a34   0x00000040   Code   RO         2397    i.SYSCFG_EXTILineConfig  stm32f4xx_syscfg.o
    0x08000a74   0x08000a74   0x000000ec   Code   RO         2653    i.SetSysClock       system_stm32f4xx.o
    0x08000b60   0x08000b60   0x00000034   Code   RO         1514    i.SysTick_Handler   port.o
    0x08000b94   0x08000b94   0x000000c0   Code   RO         2654    i.SystemCoreClockUpdate  system_stm32f4xx.o
    0x08000c54   0x08000c54   0x00000068   Code   RO         2655    i.SystemInit        system_stm32f4xx.o
    0x08000cbc   0x08000cbc   0x00000064   Code   RO          330    i.Timer1_CallBack   se_taks.o
    0x08000d20   0x08000d20   0x00000078   Code   RO            5    i.USART1_IRQHandler  main.o
    0x08000d98   0x08000d98   0x000000c8   Code   RO            6    i.USART2_IRQHandler  main.o
    0x08000e60   0x08000e60   0x00000018   Code   RO         2458    i.USART_Cmd         stm32f4xx_usart.o
    0x08000e78   0x08000e78   0x00000054   Code   RO         2462    i.USART_GetITStatus  stm32f4xx_usart.o
    0x08000ecc   0x08000ecc   0x0000004a   Code   RO         2464    i.USART_ITConfig    stm32f4xx_usart.o
    0x08000f16   0x08000f16   0x00000002   PAD
    0x08000f18   0x08000f18   0x000000d4   Code   RO         2465    i.USART_Init        stm32f4xx_usart.o
    0x08000fec   0x08000fec   0x0000000a   Code   RO         2472    i.USART_ReceiveData  stm32f4xx_usart.o
    0x08000ff6   0x08000ff6   0x00000008   Code   RO         2475    i.USART_SendData    stm32f4xx_usart.o
    0x08000ffe   0x08000ffe   0x00000002   PAD
    0x08001000   0x08001000   0x00000028   Code   RO          170    i.__NVIC_SetPriority  inits.o
    0x08001028   0x08001028   0x0000004c   Code   RO          171    i.clock_config      inits.o
    0x08001074   0x08001074   0x00000028   Code   RO          331    i.fnc_sendUSART     se_taks.o
    0x0800109c   0x0800109c   0x000000b8   Code   RO          172    i.init_Usart1       inits.o
    0x08001154   0x08001154   0x000000c0   Code   RO          173    i.init_Usart2       inits.o
    0x08001214   0x08001214   0x0000009c   Code   RO          174    i.init_gpioa        inits.o
    0x080012b0   0x080012b0   0x0000002c   Code   RO          175    i.init_rcc          inits.o
    0x080012dc   0x080012dc   0x00000018   Code   RO          176    i.inits             inits.o
    0x080012f4   0x080012f4   0x00000014   Code   RO          240    i.led12_toggle      leds.o
    0x08001308   0x08001308   0x00000014   Code   RO          249    i.led15_toggle      leds.o
    0x0800131c   0x0800131c   0x0000017c   Code   RO            7    i.main              main.o
    0x08001498   0x08001498   0x000000ec   Code   RO          332    i.process_MessageQueue  se_taks.o
    0x08001584   0x08001584   0x00000098   Code   RO          992    i.prvAddCurrentTaskToDelayedList  tasks.o
    0x0800161c   0x0800161c   0x000000b8   Code   RO          993    i.prvAddNewTaskToReadyList  tasks.o
    0x080016d4   0x080016d4   0x00000018   Code   RO          840    i.prvBytesInBuffer  stream_buffer.o
    0x080016ec   0x080016ec   0x00000064   Code   RO         1356    i.prvCheckForValidListAndQueue  timers.o
    0x08001750   0x08001750   0x00000048   Code   RO          994    i.prvCheckTasksWaitingTermination  tasks.o
    0x08001798   0x08001798   0x0000002a   Code   RO          624    i.prvCopyDataFromQueue  queue.o
    0x080017c2   0x080017c2   0x0000007e   Code   RO          625    i.prvCopyDataToQueue  queue.o
    0x08001840   0x08001840   0x00000012   Code   RO          995    i.prvDeleteTCB      tasks.o
    0x08001852   0x08001852   0x00000002   PAD
    0x08001854   0x08001854   0x00000028   Code   RO         1357    i.prvGetNextExpireTime  timers.o
    0x0800187c   0x0800187c   0x0000007c   Code   RO         1590    i.prvHeapInit       heap_4.o
    0x080018f8   0x080018f8   0x00000028   Code   RO          996    i.prvIdleTask       tasks.o
    0x08001920   0x08001920   0x0000002a   Code   RO          628    i.prvInitialiseNewQueue  queue.o
    0x0800194a   0x0800194a   0x00000058   Code   RO          841    i.prvInitialiseNewStreamBuffer  stream_buffer.o
    0x080019a2   0x080019a2   0x000000c0   Code   RO          997    i.prvInitialiseNewTask  tasks.o
    0x08001a62   0x08001a62   0x0000005c   Code   RO         1358    i.prvInitialiseNewTimer  timers.o
    0x08001abe   0x08001abe   0x00000002   PAD
    0x08001ac0   0x08001ac0   0x00000068   Code   RO          998    i.prvInitialiseTaskLists  tasks.o
    0x08001b28   0x08001b28   0x00000068   Code   RO         1591    i.prvInsertBlockIntoFreeList  heap_4.o
    0x08001b90   0x08001b90   0x00000058   Code   RO         1359    i.prvInsertTimerInActiveList  timers.o
    0x08001be8   0x08001be8   0x0000001a   Code   RO          629    i.prvIsQueueEmpty   queue.o
    0x08001c02   0x08001c02   0x0000001e   Code   RO          630    i.prvIsQueueFull    queue.o
    0x08001c20   0x08001c20   0x00000074   Code   RO         1360    i.prvProcessExpiredTimer  timers.o
    0x08001c94   0x08001c94   0x0000013c   Code   RO         1361    i.prvProcessReceivedCommands  timers.o
    0x08001dd0   0x08001dd0   0x00000074   Code   RO         1362    i.prvProcessTimerOrBlockTask  timers.o
    0x08001e44   0x08001e44   0x000000d0   Code   RO          842    i.prvReadBytesFromBuffer  stream_buffer.o
    0x08001f14   0x08001f14   0x00000048   Code   RO          843    i.prvReadMessageFromBuffer  stream_buffer.o
    0x08001f5c   0x08001f5c   0x00000030   Code   RO         1000    i.prvResetNextTaskUnblockTime  tasks.o
    0x08001f8c   0x08001f8c   0x0000002c   Code   RO         1363    i.prvSampleTimeNow  timers.o
    0x08001fb8   0x08001fb8   0x000000a4   Code   RO         1364    i.prvSwitchTimerLists  timers.o
    0x0800205c   0x0800205c   0x00000044   Code   RO         1515    i.prvTaskExitError  port.o
    0x080020a0   0x080020a0   0x0000001a   Code   RO         1365    i.prvTimerTask      timers.o
    0x080020ba   0x080020ba   0x0000007e   Code   RO          631    i.prvUnlockQueue    queue.o
    0x08002138   0x08002138   0x000000c0   Code   RO          844    i.prvWriteBytesToBuffer  stream_buffer.o
    0x080021f8   0x080021f8   0x0000005c   Code   RO          845    i.prvWriteMessageToBuffer  stream_buffer.o
    0x08002254   0x08002254   0x000000a0   Code   RO          334    i.put_tickstamp     se_taks.o
    0x080022f4   0x080022f4   0x0000015c   Code   RO         1592    i.pvPortMalloc      heap_4.o
    0x08002450   0x08002450   0x0000002c   Code   RO         1516    i.pxPortInitialiseStack  port.o
    0x0800247c   0x0800247c   0x00000028   Code   RO          584    i.uxListRemove      list.o
    0x080024a4   0x080024a4   0x0000002c   Code   RO          634    i.uxQueueMessagesWaiting  queue.o
    0x080024d0   0x080024d0   0x00000002   Code   RO          336    i.vApplicationMallocFailedHook  se_taks.o
    0x080024d2   0x080024d2   0x0000001a   Code   RO          585    i.vListInitialise   list.o
    0x080024ec   0x080024ec   0x00000006   Code   RO          586    i.vListInitialiseItem  list.o
    0x080024f2   0x080024f2   0x00000034   Code   RO          587    i.vListInsert       list.o
    0x08002526   0x08002526   0x00000018   Code   RO          588    i.vListInsertEnd    list.o
    0x0800253e   0x0800253e   0x00000002   PAD
    0x08002540   0x08002540   0x0000009c   Code   RO          339    i.vPeriodiktoggle12  se_taks.o
    0x080025dc   0x080025dc   0x0000009c   Code   RO          342    i.vPeriodiktoggle15  se_taks.o
    0x08002678   0x08002678   0x00000058   Code   RO         1518    i.vPortEnterCritical  port.o
    0x080026d0   0x080026d0   0x00000040   Code   RO         1519    i.vPortExitCritical  port.o
    0x08002710   0x08002710   0x000000a8   Code   RO         1593    i.vPortFree         heap_4.o
    0x080027b8   0x080027b8   0x00000028   Code   RO         1520    i.vPortSetupTimerInterrupt  port.o
    0x080027e0   0x080027e0   0x0000007c   Code   RO         1521    i.vPortValidateInterruptPriority  port.o
    0x0800285c   0x0800285c   0x0000002c   Code   RO          637    i.vQueueAddToRegistry  queue.o
    0x08002888   0x08002888   0x0000004a   Code   RO          641    i.vQueueWaitForMessageRestricted  queue.o
    0x080028d2   0x080028d2   0x00000002   PAD
    0x080028d4   0x080028d4   0x00000098   Code   RO          343    i.vSe_Que_Receive   se_taks.o
    0x0800296c   0x0800296c   0x00000018   Code   RO         1017    i.vTaskInternalSetTimeOutState  tasks.o
    0x08002984   0x08002984   0x0000000c   Code   RO         1018    i.vTaskMissedYield  tasks.o
    0x08002990   0x08002990   0x0000003c   Code   RO         1019    i.vTaskPlaceOnEventList  tasks.o
    0x080029cc   0x080029cc   0x00000044   Code   RO         1020    i.vTaskPlaceOnEventListRestricted  tasks.o
    0x08002a10   0x08002a10   0x0000009c   Code   RO         1028    i.vTaskStartScheduler  tasks.o
    0x08002aac   0x08002aac   0x00000010   Code   RO         1030    i.vTaskSuspendAll   tasks.o
    0x08002abc   0x08002abc   0x0000008c   Code   RO         1031    i.vTaskSwitchContext  tasks.o
    0x08002b48   0x08002b48   0x00000170   Code   RO         1522    i.xPortStartScheduler  port.o
    0x08002cb8   0x08002cb8   0x00000080   Code   RO          644    i.xQueueGenericCreate  queue.o
    0x08002d38   0x08002d38   0x00000098   Code   RO          645    i.xQueueGenericReset  queue.o
    0x08002dd0   0x08002dd0   0x000001b0   Code   RO          646    i.xQueueGenericSend  queue.o
    0x08002f80   0x08002f80   0x00000128   Code   RO          647    i.xQueueGenericSendFromISR  queue.o
    0x080030a8   0x080030a8   0x00000170   Code   RO          654    i.xQueueReceive     queue.o
    0x08003218   0x08003218   0x000000a6   Code   RO          851    i.xStreamBufferGenericCreate  stream_buffer.o
    0x080032be   0x080032be   0x0000010a   Code   RO          855    i.xStreamBufferReceive  stream_buffer.o
    0x080033c8   0x080033c8   0x000000be   Code   RO          861    i.xStreamBufferSendFromISR  stream_buffer.o
    0x08003486   0x08003486   0x00000038   Code   RO          863    i.xStreamBufferSpacesAvailable  stream_buffer.o
    0x080034be   0x080034be   0x00000002   PAD
    0x080034c0   0x080034c0   0x00000094   Code   RO         1033    i.xTaskCheckForTimeOut  tasks.o
    0x08003554   0x08003554   0x00000060   Code   RO         1034    i.xTaskCreate       tasks.o
    0x080035b4   0x080035b4   0x000000dc   Code   RO         1035    i.xTaskDelayUntil   tasks.o
    0x08003690   0x08003690   0x00000188   Code   RO         1036    i.xTaskGenericNotify  tasks.o
    0x08003818   0x08003818   0x000001c0   Code   RO         1037    i.xTaskGenericNotifyFromISR  tasks.o
    0x080039d8   0x080039d8   0x00000060   Code   RO         1038    i.xTaskGenericNotifyStateClear  tasks.o
    0x08003a38   0x08003a38   0x000000d0   Code   RO         1039    i.xTaskGenericNotifyWait  tasks.o
    0x08003b08   0x08003b08   0x0000000c   Code   RO         1040    i.xTaskGetCurrentTaskHandle  tasks.o
    0x08003b14   0x08003b14   0x00000020   Code   RO         1041    i.xTaskGetSchedulerState  tasks.o
    0x08003b34   0x08003b34   0x0000000c   Code   RO         1042    i.xTaskGetTickCount  tasks.o
    0x08003b40   0x08003b40   0x00000148   Code   RO         1044    i.xTaskIncrementTick  tasks.o
    0x08003c88   0x08003c88   0x000000c0   Code   RO         1045    i.xTaskPriorityDisinherit  tasks.o
    0x08003d48   0x08003d48   0x0000009c   Code   RO         1047    i.xTaskRemoveFromEventList  tasks.o
    0x08003de4   0x08003de4   0x00000108   Code   RO         1048    i.xTaskResumeAll    tasks.o
    0x08003eec   0x08003eec   0x00000036   Code   RO         1372    i.xTimerCreate      timers.o
    0x08003f22   0x08003f22   0x00000002   PAD
    0x08003f24   0x08003f24   0x00000058   Code   RO         1373    i.xTimerCreateTimerTask  timers.o
    0x08003f7c   0x08003f7c   0x00000084   Code   RO         1374    i.xTimerGenericCommand  timers.o
    0x08004000   0x08004000   0x00000022   Code   RO         1376    i.xTimerGetPeriod   timers.o
    0x08004022   0x08004022   0x0000000a   Code   RO         2797    x$fpl$fpinit        fz_wm.l(fpinit.o)
    0x0800402c   0x0800402c   0x00000020   Data   RO         2865    Region$$Table       anon$$obj.o


    Execution Region ER_RW (Exec base: 0x20000000, Load base: 0x0800404c, Size: 0x000000f8, Max: 0xffffffff, ABSOLUTE)

    Exec Addr    Load Addr    Size         Type   Attr      Idx    E Section Name        Object

    0x20000000   0x0800404c   0x00000008   Data   RW            8    .data               main.o
    0x20000008   0x08004054   0x0000004c   Data   RW          345    .data               se_taks.o
    0x20000054   0x080040a0   0x00000040   Data   RW         1051    .data               tasks.o
    0x20000094   0x080040e0   0x00000014   Data   RW         1380    .data               timers.o
    0x200000a8   0x080040f4   0x0000000c   Data   RW         1523    .data               port.o
    0x200000b4   0x08004100   0x00000020   Data   RW         1599    .data               heap_4.o
    0x200000d4   0x08004120   0x00000010   Data   RW         1916    .data               stm32f4xx_rcc.o
    0x200000e4   0x08004130   0x00000014   Data   RW         2656    .data               system_stm32f4xx.o


    Execution Region ER_ZI (Exec base: 0x200000f8, Load base: 0x08004144, Size: 0x0000a860, Max: 0xffffffff, ABSOLUTE)

    Exec Addr    Load Addr    Size         Type   Attr      Idx    E Section Name        Object

    0x200000f8        -       0x000000cd   Zero   RW          344    .bss                se_taks.o
    0x200001c5   0x08004144   0x00000003   PAD
    0x200001c8        -       0x00000040   Zero   RW          658    .bss                queue.o
    0x20000208        -       0x000000c8   Zero   RW         1050    .bss                tasks.o
    0x200002d0        -       0x00000028   Zero   RW         1379    .bss                timers.o
    0x200002f8        -       0x0000a000   Zero   RW         1598    .bss                heap_4.o
    0x2000a2f8        -       0x00000060   Zero   RW         2739    .bss                c_w.l(libspace.o)
    0x2000a358        -       0x00000200   Zero   RW         2644    HEAP                startup_stm32f40_41xxx.o
    0x2000a558        -       0x00000400   Zero   RW         2643    STACK               startup_stm32f40_41xxx.o


==============================================================================

Image component sizes


      Code (inc. data)   RO Data    RW Data    ZI Data      Debug   Object Name

         0          0          0          0          0      13532   event_groups.o
       744         74          0         32      40960       4855   heap_4.o
       716         40          0          0          0      34218   inits.o
        40         12          0          0          0        870   leds.o
       148          0          0          0          0       3326   list.o
       720        186          0          8          0     299469   main.o
       120         14          0          0          0       1408   misc.o
      1038         98          0         12          0      11757   port.o
      1930         20          0          0         64      17359   queue.o
      1110        346          0         76        205      18798   se_taks.o
        64         26        392          0       1536        872   startup_stm32f40_41xxx.o
       184         16          0          0          0       2704   stm32f4xx_exti.o
       214          0          0          0          0       2275   stm32f4xx_gpio.o
       328         36          0         16          0       5339   stm32f4xx_rcc.o
        64          4          0          0          0        752   stm32f4xx_syscfg.o
       412          8          0          0          0       5739   stm32f4xx_usart.o
      1354          0          0          0          0      14426   stream_buffer.o
       532         54          0         20          0       2809   system_stm32f4xx.o
      3890        438          0         64        200      34090   tasks.o
      1410        108          0         20         40      26096   timers.o

    ----------------------------------------------------------------------
     15040       1480        424        248      43008     500694   Object Totals
         0          0         32          0          0          0   (incl. Generated)
        22          0          0          0          3          0   (incl. Padding)

    ----------------------------------------------------------------------

      Code (inc. data)   RO Data    RW Data    ZI Data      Debug   Library Member Name

         8          0          0          0          0         68   __main.o
         0          0          0          0          0          0   __rtentry.o
        12          0          0          0          0          0   __rtentry2.o
         6          0          0          0          0          0   __rtentry4.o
        52          8          0          0          0          0   __scatter.o
        26          0          0          0          0          0   __scatter_copy.o
        28          0          0          0          0          0   __scatter_zi.o
        16          0          0          0          0         68   aeabi_memset.o
        18          0          0          0          0         80   exit.o
         6          0          0          0          0        152   heapauxi.o
         0          0          0          0          0          0   indicate_semi.o
         2          0          0          0          0          0   libinit.o
         6          0          0          0          0          0   libinit2.o
         2          0          0          0          0          0   libshutdown.o
         2          0          0          0          0          0   libshutdown2.o
         8          4          0          0         96         68   libspace.o
        22          0          0          0          0         76   memset.o
        68          0          0          0          0         68   rt_memclr.o
        78          0          0          0          0         80   rt_memclr_w.o
       138          0          0          0          0         68   rt_memcpy_v6.o
       100          0          0          0          0         80   rt_memcpy_w.o
         2          0          0          0          0          0   rtexit.o
        10          0          0          0          0          0   rtexit2.o
        72          0          0          0          0         80   strcpy.o
        62          0          0          0          0         76   strlen.o
       150          0          0          0          0         80   strncmp.o
        12          4          0          0          0         68   sys_exit.o
        74          0          0          0          0         80   sys_stackheap_outer.o
         2          0          0          0          0         68   use_no_semi.o
        10          0          0          0          0        116   fpinit.o

    ----------------------------------------------------------------------
       996         16          0          0         96       1376   Library Totals
         4          0          0          0          0          0   (incl. Padding)

    ----------------------------------------------------------------------

      Code (inc. data)   RO Data    RW Data    ZI Data      Debug   Library Name

       982         16          0          0         96       1260   c_w.l
        10          0          0          0          0        116   fz_wm.l

    ----------------------------------------------------------------------
       996         16          0          0         96       1376   Library Totals

    ----------------------------------------------------------------------

==============================================================================


      Code (inc. data)   RO Data    RW Data    ZI Data      Debug   

     16036       1496        424        248      43104     489146   Grand Totals
     16036       1496        424        248      43104     489146   ELF Image Totals
     16036       1496        424        248          0          0   ROM Totals

==============================================================================

    Total RO  Size (Code + RO Data)                16460 (  16.07kB)
    Total RW  Size (RW Data + ZI Data)             43352 (  42.34kB)
    Total ROM Size (Code + RO Data + RW Data)      16708 (  16.32kB)

==============================================================================

